Archive member included to satisfy reference by file (symbol)

c:/st/stm32cubeide_1.11.2/stm32cubeide/plugins/com.st.stm32cube.ide.mcu.externaltools.gnu-tools-for-stm32.10.3-2021.10.win32_1.0.100.202210260954/tools/bin/../lib/gcc/arm-none-eabi/10.3.1/../../../../arm-none-eabi/lib/thumb/v7e-m+fp/hard\libc_nano.a(lib_a-errno.o)
                              ./Core/Src/syscalls.o (__errno)
c:/st/stm32cubeide_1.11.2/stm32cubeide/plugins/com.st.stm32cube.ide.mcu.externaltools.gnu-tools-for-stm32.10.3-2021.10.win32_1.0.100.202210260954/tools/bin/../lib/gcc/arm-none-eabi/10.3.1/../../../../arm-none-eabi/lib/thumb/v7e-m+fp/hard\libc_nano.a(lib_a-exit.o)
                              c:/st/stm32cubeide_1.11.2/stm32cubeide/plugins/com.st.stm32cube.ide.mcu.externaltools.gnu-tools-for-stm32.10.3-2021.10.win32_1.0.100.202210260954/tools/bin/../lib/gcc/arm-none-eabi/10.3.1/../../../../arm-none-eabi/lib/thumb/v7e-m+fp/hard/crt0.o (exit)
c:/st/stm32cubeide_1.11.2/stm32cubeide/plugins/com.st.stm32cube.ide.mcu.externaltools.gnu-tools-for-stm32.10.3-2021.10.win32_1.0.100.202210260954/tools/bin/../lib/gcc/arm-none-eabi/10.3.1/../../../../arm-none-eabi/lib/thumb/v7e-m+fp/hard\libc_nano.a(lib_a-impure.o)
                              c:/st/stm32cubeide_1.11.2/stm32cubeide/plugins/com.st.stm32cube.ide.mcu.externaltools.gnu-tools-for-stm32.10.3-2021.10.win32_1.0.100.202210260954/tools/bin/../lib/gcc/arm-none-eabi/10.3.1/../../../../arm-none-eabi/lib/thumb/v7e-m+fp/hard\libc_nano.a(lib_a-exit.o) (_global_impure_ptr)
c:/st/stm32cubeide_1.11.2/stm32cubeide/plugins/com.st.stm32cube.ide.mcu.externaltools.gnu-tools-for-stm32.10.3-2021.10.win32_1.0.100.202210260954/tools/bin/../lib/gcc/arm-none-eabi/10.3.1/../../../../arm-none-eabi/lib/thumb/v7e-m+fp/hard\libc_nano.a(lib_a-init.o)
                              c:/st/stm32cubeide_1.11.2/stm32cubeide/plugins/com.st.stm32cube.ide.mcu.externaltools.gnu-tools-for-stm32.10.3-2021.10.win32_1.0.100.202210260954/tools/bin/../lib/gcc/arm-none-eabi/10.3.1/../../../../arm-none-eabi/lib/thumb/v7e-m+fp/hard/crt0.o (__libc_init_array)
c:/st/stm32cubeide_1.11.2/stm32cubeide/plugins/com.st.stm32cube.ide.mcu.externaltools.gnu-tools-for-stm32.10.3-2021.10.win32_1.0.100.202210260954/tools/bin/../lib/gcc/arm-none-eabi/10.3.1/../../../../arm-none-eabi/lib/thumb/v7e-m+fp/hard\libc_nano.a(lib_a-memcpy-stub.o)
                              ./USB_DEVICE/App/usbd_cdc_if.o (memcpy)
c:/st/stm32cubeide_1.11.2/stm32cubeide/plugins/com.st.stm32cube.ide.mcu.externaltools.gnu-tools-for-stm32.10.3-2021.10.win32_1.0.100.202210260954/tools/bin/../lib/gcc/arm-none-eabi/10.3.1/../../../../arm-none-eabi/lib/thumb/v7e-m+fp/hard\libc_nano.a(lib_a-memset.o)
                              c:/st/stm32cubeide_1.11.2/stm32cubeide/plugins/com.st.stm32cube.ide.mcu.externaltools.gnu-tools-for-stm32.10.3-2021.10.win32_1.0.100.202210260954/tools/bin/../lib/gcc/arm-none-eabi/10.3.1/../../../../arm-none-eabi/lib/thumb/v7e-m+fp/hard/crt0.o (memset)
c:/st/stm32cubeide_1.11.2/stm32cubeide/plugins/com.st.stm32cube.ide.mcu.externaltools.gnu-tools-for-stm32.10.3-2021.10.win32_1.0.100.202210260954/tools/bin/../lib/gcc/arm-none-eabi/10.3.1/../../../../arm-none-eabi/lib/thumb/v7e-m+fp/hard\libc_nano.a(lib_a-strlen.o)
                              ./Core/Src/main.o (strlen)
c:/st/stm32cubeide_1.11.2/stm32cubeide/plugins/com.st.stm32cube.ide.mcu.externaltools.gnu-tools-for-stm32.10.3-2021.10.win32_1.0.100.202210260954/tools/bin/../lib/gcc/arm-none-eabi/10.3.1/thumb/v7e-m+fp/hard\libgcc.a(_aeabi_uldivmod.o)
                              ./Drivers/STM32F4xx_HAL_Driver/Src/stm32f4xx_hal_rcc.o (__aeabi_uldivmod)
c:/st/stm32cubeide_1.11.2/stm32cubeide/plugins/com.st.stm32cube.ide.mcu.externaltools.gnu-tools-for-stm32.10.3-2021.10.win32_1.0.100.202210260954/tools/bin/../lib/gcc/arm-none-eabi/10.3.1/thumb/v7e-m+fp/hard\libgcc.a(_udivmoddi4.o)
                              c:/st/stm32cubeide_1.11.2/stm32cubeide/plugins/com.st.stm32cube.ide.mcu.externaltools.gnu-tools-for-stm32.10.3-2021.10.win32_1.0.100.202210260954/tools/bin/../lib/gcc/arm-none-eabi/10.3.1/thumb/v7e-m+fp/hard\libgcc.a(_aeabi_uldivmod.o) (__udivmoddi4)
c:/st/stm32cubeide_1.11.2/stm32cubeide/plugins/com.st.stm32cube.ide.mcu.externaltools.gnu-tools-for-stm32.10.3-2021.10.win32_1.0.100.202210260954/tools/bin/../lib/gcc/arm-none-eabi/10.3.1/thumb/v7e-m+fp/hard\libgcc.a(_dvmd_tls.o)
                              c:/st/stm32cubeide_1.11.2/stm32cubeide/plugins/com.st.stm32cube.ide.mcu.externaltools.gnu-tools-for-stm32.10.3-2021.10.win32_1.0.100.202210260954/tools/bin/../lib/gcc/arm-none-eabi/10.3.1/thumb/v7e-m+fp/hard\libgcc.a(_aeabi_uldivmod.o) (__aeabi_ldiv0)

Discarded input sections

 .text          0x0000000000000000        0x0 c:/st/stm32cubeide_1.11.2/stm32cubeide/plugins/com.st.stm32cube.ide.mcu.externaltools.gnu-tools-for-stm32.10.3-2021.10.win32_1.0.100.202210260954/tools/bin/../lib/gcc/arm-none-eabi/10.3.1/thumb/v7e-m+fp/hard/crti.o
[...]
Memory Configuration

Name             Origin             Length             Attributes
CCMRAM           0x0000000010000000 0x0000000000010000 xrw
RAM              0x0000000020000000 0x0000000000020000 xrw
FLASH            0x0000000008000000 0x0000000000100000 xr
*default*        0x0000000000000000 0xffffffffffffffff

Linker script and memory map

LOAD c:/st/stm32cubeide_1.11.2/stm32cubeide/plugins/com.st.stm32cube.ide.mcu.externaltools.gnu-tools-for-stm32.10.3-2021.10.win32_1.0.100.202210260954/tools/bin/../lib/gcc/arm-none-eabi/10.3.1/thumb/v7e-m+fp/hard/crti.o
LOAD c:/st/stm32cubeide_1.11.2/stm32cubeide/plugins/com.st.stm32cube.ide.mcu.externaltools.gnu-tools-for-stm32.10.3-2021.10.win32_1.0.100.202210260954/tools/bin/../lib/gcc/arm-none-eabi/10.3.1/thumb/v7e-m+fp/hard/crtbegin.o
LOAD c:/st/stm32cubeide_1.11.2/stm32cubeide/plugins/com.st.stm32cube.ide.mcu.externaltools.gnu-tools-for-stm32.10.3-2021.10.win32_1.0.100.202210260954/tools/bin/../lib/gcc/arm-none-eabi/10.3.1/../../../../arm-none-eabi/lib/thumb/v7e-m+fp/hard/crt0.o
LOAD ./Core/Src/main.o
LOAD ./Core/Src/stm32f4xx_hal_msp.o
LOAD ./Core/Src/stm32f4xx_it.o
LOAD ./Core/Src/syscalls.o
LOAD ./Core/Src/sysmem.o
LOAD ./Core/Src/system_stm32f4xx.o
LOAD ./Core/Startup/startup_stm32f405rgtx.o
LOAD ./Drivers/STM32F4xx_HAL_Driver/Src/stm32f4xx_hal.o
LOAD ./Drivers/STM32F4xx_HAL_Driver/Src/stm32f4xx_hal_adc.o
LOAD ./Drivers/STM32F4xx_HAL_Driver/Src/stm32f4xx_hal_adc_ex.o
LOAD ./Drivers/STM32F4xx_HAL_Driver/Src/stm32f4xx_hal_cortex.o
LOAD ./Drivers/STM32F4xx_HAL_Driver/Src/stm32f4xx_hal_dma.o
LOAD ./Drivers/STM32F4xx_HAL_Driver/Src/stm32f4xx_hal_dma_ex.o
LOAD ./Drivers/STM32F4xx_HAL_Driver/Src/stm32f4xx_hal_exti.o
LOAD ./Drivers/STM32F4xx_HAL_Driver/Src/stm32f4xx_hal_flash.o
LOAD ./Drivers/STM32F4xx_HAL_Driver/Src/stm32f4xx_hal_flash_ex.o
LOAD ./Drivers/STM32F4xx_HAL_Driver/Src/stm32f4xx_hal_flash_ramfunc.o
LOAD ./Drivers/STM32F4xx_HAL_Driver/Src/stm32f4xx_hal_gpio.o
LOAD ./Drivers/STM32F4xx_HAL_Driver/Src/stm32f4xx_hal_pcd.o
LOAD ./Drivers/STM32F4xx_HAL_Driver/Src/stm32f4xx_hal_pcd_ex.o
LOAD ./Drivers/STM32F4xx_HAL_Driver/Src/stm32f4xx_hal_pwr.o
LOAD ./Drivers/STM32F4xx_HAL_Driver/Src/stm32f4xx_hal_pwr_ex.o
LOAD ./Drivers/STM32F4xx_HAL_Driver/Src/stm32f4xx_hal_rcc.o
LOAD ./Drivers/STM32F4xx_HAL_Driver/Src/stm32f4xx_hal_rcc_ex.o
LOAD ./Drivers/STM32F4xx_HAL_Driver/Src/stm32f4xx_hal_tim.o
LOAD ./Drivers/STM32F4xx_HAL_Driver/Src/stm32f4xx_hal_tim_ex.o
LOAD ./Drivers/STM32F4xx_HAL_Driver/Src/stm32f4xx_ll_adc.o
LOAD ./Drivers/STM32F4xx_HAL_Driver/Src/stm32f4xx_ll_usb.o
LOAD ./Middlewares/ST/STM32_USB_Device_Library/Class/CDC/Src/usbd_cdc.o
LOAD ./Middlewares/ST/STM32_USB_Device_Library/Core/Src/usbd_core.o
LOAD ./Middlewares/ST/STM32_USB_Device_Library/Core/Src/usbd_ctlreq.o
LOAD ./Middlewares/ST/STM32_USB_Device_Library/Core/Src/usbd_ioreq.o
LOAD ./USB_DEVICE/App/usb_device.o
LOAD ./USB_DEVICE/App/usbd_cdc_if.o
LOAD ./USB_DEVICE/App/usbd_desc.o
LOAD ./USB_DEVICE/Target/usbd_conf.o
START GROUP
LOAD c:/st/stm32cubeide_1.11.2/stm32cubeide/plugins/com.st.stm32cube.ide.mcu.externaltools.gnu-tools-for-stm32.10.3-2021.10.win32_1.0.100.202210260954/tools/bin/../lib/gcc/arm-none-eabi/10.3.1/../../../../arm-none-eabi/lib/thumb/v7e-m+fp/hard\libc_nano.a
LOAD c:/st/stm32cubeide_1.11.2/stm32cubeide/plugins/com.st.stm32cube.ide.mcu.externaltools.gnu-tools-for-stm32.10.3-2021.10.win32_1.0.100.202210260954/tools/bin/../lib/gcc/arm-none-eabi/10.3.1/../../../../arm-none-eabi/lib/thumb/v7e-m+fp/hard\libm.a
END GROUP
START GROUP
LOAD c:/st/stm32cubeide_1.11.2/stm32cubeide/plugins/com.st.stm32cube.ide.mcu.externaltools.gnu-tools-for-stm32.10.3-2021.10.win32_1.0.100.202210260954/tools/bin/../lib/gcc/arm-none-eabi/10.3.1/thumb/v7e-m+fp/hard\libgcc.a
LOAD c:/st/stm32cubeide_1.11.2/stm32cubeide/plugins/com.st.stm32cube.ide.mcu.externaltools.gnu-tools-for-stm32.10.3-2021.10.win32_1.0.100.202210260954/tools/bin/../lib/gcc/arm-none-eabi/10.3.1/../../../../arm-none-eabi/lib/thumb/v7e-m+fp/hard\libc_nano.a
END GROUP
START GROUP
LOAD c:/st/stm32cubeide_1.11.2/stm32cubeide/plugins/com.st.stm32cube.ide.mcu.externaltools.gnu-tools-for-stm32.10.3-2021.10.win32_1.0.100.202210260954/tools/bin/../lib/gcc/arm-none-eabi/10.3.1/thumb/v7e-m+fp/hard\libgcc.a
LOAD c:/st/stm32cubeide_1.11.2/stm32cubeide/plugins/com.st.stm32cube.ide.mcu.externaltools.gnu-tools-for-stm32.10.3-2021.10.win32_1.0.100.202210260954/tools/bin/../lib/gcc/arm-none-eabi/10.3.1/../../../../arm-none-eabi/lib/thumb/v7e-m+fp/hard\libc_nano.a
LOAD c:/st/stm32cubeide_1.11.2/stm32cubeide/plugins/com.st.stm32cube.ide.mcu.externaltools.gnu-tools-for-stm32.10.3-2021.10.win32_1.0.100.202210260954/tools/bin/../lib/gcc/arm-none-eabi/10.3.1/../../../../arm-none-eabi/lib/thumb/v7e-m+fp/hard\libnosys.a
END GROUP
START GROUP
LOAD c:/st/stm32cubeide_1.11.2/stm32cubeide/plugins/com.st.stm32cube.ide.mcu.externaltools.gnu-tools-for-stm32.10.3-2021.10.win32_1.0.100.202210260954/tools/bin/../lib/gcc/arm-none-eabi/10.3.1/thumb/v7e-m+fp/hard\libgcc.a
LOAD c:/st/stm32cubeide_1.11.2/stm32cubeide/plugins/com.st.stm32cube.ide.mcu.externaltools.gnu-tools-for-stm32.10.3-2021.10.win32_1.0.100.202210260954/tools/bin/../lib/gcc/arm-none-eabi/10.3.1/../../../../arm-none-eabi/lib/thumb/v7e-m+fp/hard\libc_nano.a
LOAD c:/st/stm32cubeide_1.11.2/stm32cubeide/plugins/com.st.stm32cube.ide.mcu.externaltools.gnu-tools-for-stm32.10.3-2021.10.win32_1.0.100.202210260954/tools/bin/../lib/gcc/arm-none-eabi/10.3.1/../../../../arm-none-eabi/lib/thumb/v7e-m+fp/hard\libnosys.a
END GROUP
LOAD c:/st/stm32cubeide_1.11.2/stm32cubeide/plugins/com.st.stm32cube.ide.mcu.externaltools.gnu-tools-for-stm32.10.3-2021.10.win32_1.0.100.202210260954/tools/bin/../lib/gcc/arm-none-eabi/10.3.1/thumb/v7e-m+fp/hard/crtend.o
LOAD c:/st/stm32cubeide_1.11.2/stm32cubeide/plugins/com.st.stm32cube.ide.mcu.externaltools.gnu-tools-for-stm32.10.3-2021.10.win32_1.0.100.202210260954/tools/bin/../lib/gcc/arm-none-eabi/10.3.1/thumb/v7e-m+fp/hard/crtn.o
                0x0000000020020000                _estack = (ORIGIN (RAM) + LENGTH (RAM))
                0x0000000000000200                _Min_Heap_Size = 0x200
                0x0000000000000400                _Min_Stack_Size = 0x400

.isr_vector     0x0000000008000000      0x188
                0x0000000008000000                . = ALIGN (0x4)
 *(.isr_vector)
 .isr_vector    0x0000000008000000      0x188 ./Core/Startup/startup_stm32f405rgtx.o
                0x0000000008000000                g_pfnVectors
                0x0000000008000188                . = ALIGN (0x4)

.text           0x0000000008000188     0x849c
                0x0000000008000188                . = ALIGN (0x4)
 *(.text)
 .text          0x0000000008000188       0x40 c:/st/stm32cubeide_1.11.2/stm32cubeide/plugins/com.st.stm32cube.ide.mcu.externaltools.gnu-tools-for-stm32.10.3-2021.10.win32_1.0.100.202210260954/tools/bin/../lib/gcc/arm-none-eabi/10.3.1/thumb/v7e-m+fp/hard/crtbegin.o
 .text          0x00000000080001c8       0x30 c:/st/stm32cubeide_1.11.2/stm32cubeide/plugins/com.st.stm32cube.ide.mcu.externaltools.gnu-tools-for-stm32.10.3-2021.10.win32_1.0.100.202210260954/tools/bin/../lib/gcc/arm-none-eabi/10.3.1/thumb/v7e-m+fp/hard\libgcc.a(_aeabi_uldivmod.o)
                0x00000000080001c8                __aeabi_uldivmod
 .text          0x00000000080001f8      0x2d0 c:/st/stm32cubeide_1.11.2/stm32cubeide/plugins/com.st.stm32cube.ide.mcu.externaltools.gnu-tools-for-stm32.10.3-2021.10.win32_1.0.100.202210260954/tools/bin/../lib/gcc/arm-none-eabi/10.3.1/thumb/v7e-m+fp/hard\libgcc.a(_udivmoddi4.o)
                0x00000000080001f8                __udivmoddi4
 .text          0x00000000080004c8        0x4 c:/st/stm32cubeide_1.11.2/stm32cubeide/plugins/com.st.stm32cube.ide.mcu.externaltools.gnu-tools-for-stm32.10.3-2021.10.win32_1.0.100.202210260954/tools/bin/../lib/gcc/arm-none-eabi/10.3.1/thumb/v7e-m+fp/hard\libgcc.a(_dvmd_tls.o)
                0x00000000080004c8                __aeabi_idiv0
                0x00000000080004c8                __aeabi_ldiv0
 *(.text*)
 .text.ledBlink
                0x00000000080004cc       0x1c ./Core/Src/main.o
                0x00000000080004cc                ledBlink
 .text.main     0x00000000080004e8       0x40 ./Core/Src/main.o
                0x00000000080004e8                main
 .text.SystemClock_Config
                0x0000000008000528       0xd0 ./Core/Src/main.o
                0x0000000008000528                SystemClock_Config
 .text.MX_ADC1_Init
                0x00000000080005f8       0xa4 ./Core/Src/main.o
 .text.MX_TIM1_Init
                0x000000000800069c      0x170 ./Core/Src/main.o
 .text.MX_TIM2_Init
                0x000000000800080c       0x98 ./Core/Src/main.o
 .text.MX_GPIO_Init
                0x00000000080008a4       0xd4 ./Core/Src/main.o
 .text.Error_Handler
                0x0000000008000978        0xa ./Core/Src/main.o
                0x0000000008000978                Error_Handler
 *fill*         0x0000000008000982        0x2 
 .text.HAL_MspInit
                0x0000000008000984       0x50 ./Core/Src/stm32f4xx_hal_msp.o
                0x0000000008000984                HAL_MspInit
 .text.HAL_ADC_MspInit
                0x00000000080009d4       0x88 ./Core/Src/stm32f4xx_hal_msp.o
                0x00000000080009d4                HAL_ADC_MspInit
 .text.HAL_TIM_Base_MspInit
                0x0000000008000a5c       0x78 ./Core/Src/stm32f4xx_hal_msp.o
                0x0000000008000a5c                HAL_TIM_Base_MspInit
 .text.HAL_TIM_MspPostInit
                0x0000000008000ad4       0xb8 ./Core/Src/stm32f4xx_hal_msp.o
                0x0000000008000ad4                HAL_TIM_MspPostInit
 .text.NMI_Handler
                0x0000000008000b8c        0x6 ./Core/Src/stm32f4xx_it.o
                0x0000000008000b8c                NMI_Handler
 .text.HardFault_Handler
                0x0000000008000b92        0x6 ./Core/Src/stm32f4xx_it.o
                0x0000000008000b92                HardFault_Handler
 .text.MemManage_Handler
                0x0000000008000b98        0x6 ./Core/Src/stm32f4xx_it.o
                0x0000000008000b98                MemManage_Handler
 .text.BusFault_Handler
                0x0000000008000b9e        0x6 ./Core/Src/stm32f4xx_it.o
                0x0000000008000b9e                BusFault_Handler
 .text.UsageFault_Handler
                0x0000000008000ba4        0x6 ./Core/Src/stm32f4xx_it.o
                0x0000000008000ba4                UsageFault_Handler
 .text.SVC_Handler
                0x0000000008000baa        0xe ./Core/Src/stm32f4xx_it.o
                0x0000000008000baa                SVC_Handler
 .text.DebugMon_Handler
                0x0000000008000bb8        0xe ./Core/Src/stm32f4xx_it.o
                0x0000000008000bb8                DebugMon_Handler
 .text.PendSV_Handler
                0x0000000008000bc6        0xe ./Core/Src/stm32f4xx_it.o
                0x0000000008000bc6                PendSV_Handler
 .text.SysTick_Handler
                0x0000000008000bd4        0xc ./Core/Src/stm32f4xx_it.o
                0x0000000008000bd4                SysTick_Handler
 .text.TIM2_IRQHandler
                0x0000000008000be0       0x14 ./Core/Src/stm32f4xx_it.o
                0x0000000008000be0                TIM2_IRQHandler
 .text.OTG_FS_IRQHandler
                0x0000000008000bf4       0x14 ./Core/Src/stm32f4xx_it.o
                0x0000000008000bf4                OTG_FS_IRQHandler
 .text.SystemInit
                0x0000000008000c08       0x24 ./Core/Src/system_stm32f4xx.o
                0x0000000008000c08                SystemInit
 .text.Reset_Handler
                0x0000000008000c2c       0x50 ./Core/Startup/startup_stm32f405rgtx.o
                0x0000000008000c2c                Reset_Handler
 .text.Default_Handler
                0x0000000008000c7c        0x2 ./Core/Startup/startup_stm32f405rgtx.o
                0x0000000008000c7c                RTC_Alarm_IRQHandler
                0x0000000008000c7c                HASH_RNG_IRQHandler
                0x0000000008000c7c                EXTI2_IRQHandler
                0x0000000008000c7c                TIM8_CC_IRQHandler
                0x0000000008000c7c                TIM1_CC_IRQHandler
                0x0000000008000c7c                DMA2_Stream5_IRQHandler
                0x0000000008000c7c                DMA1_Stream5_IRQHandler
                0x0000000008000c7c                PVD_IRQHandler
                0x0000000008000c7c                SDIO_IRQHandler
                0x0000000008000c7c                TAMP_STAMP_IRQHandler
                0x0000000008000c7c                CAN2_RX1_IRQHandler
                0x0000000008000c7c                EXTI3_IRQHandler
                0x0000000008000c7c                TIM8_TRG_COM_TIM14_IRQHandler
                0x0000000008000c7c                TIM1_UP_TIM10_IRQHandler
                0x0000000008000c7c                TIM8_UP_TIM13_IRQHandler
                0x0000000008000c7c                I2C3_ER_IRQHandler
                0x0000000008000c7c                EXTI0_IRQHandler
                0x0000000008000c7c                I2C2_EV_IRQHandler
                0x0000000008000c7c                DMA1_Stream2_IRQHandler
                0x0000000008000c7c                CAN1_RX0_IRQHandler
                0x0000000008000c7c                FPU_IRQHandler
                0x0000000008000c7c                OTG_HS_WKUP_IRQHandler
                0x0000000008000c7c                CAN2_SCE_IRQHandler
                0x0000000008000c7c                DMA2_Stream2_IRQHandler
                0x0000000008000c7c                SPI1_IRQHandler
                0x0000000008000c7c                TIM6_DAC_IRQHandler
                0x0000000008000c7c                TIM1_BRK_TIM9_IRQHandler
                0x0000000008000c7c                CAN2_RX0_IRQHandler
                0x0000000008000c7c                DMA2_Stream3_IRQHandler
                0x0000000008000c7c                USART6_IRQHandler
                0x0000000008000c7c                USART3_IRQHandler
                0x0000000008000c7c                CAN1_RX1_IRQHandler
                0x0000000008000c7c                UART5_IRQHandler
                0x0000000008000c7c                DMA2_Stream0_IRQHandler
                0x0000000008000c7c                TIM4_IRQHandler
                0x0000000008000c7c                I2C1_EV_IRQHandler
                0x0000000008000c7c                DMA1_Stream6_IRQHandler
                0x0000000008000c7c                DMA1_Stream1_IRQHandler
                0x0000000008000c7c                UART4_IRQHandler
                0x0000000008000c7c                TIM3_IRQHandler
                0x0000000008000c7c                RCC_IRQHandler
                0x0000000008000c7c                TIM8_BRK_TIM12_IRQHandler
                0x0000000008000c7c                Default_Handler
                0x0000000008000c7c                EXTI15_10_IRQHandler
                0x0000000008000c7c                ADC_IRQHandler
                0x0000000008000c7c                DMA1_Stream7_IRQHandler
                0x0000000008000c7c                TIM7_IRQHandler
                0x0000000008000c7c                CAN2_TX_IRQHandler
                0x0000000008000c7c                TIM5_IRQHandler
                0x0000000008000c7c                DMA2_Stream7_IRQHandler
                0x0000000008000c7c                I2C3_EV_IRQHandler
                0x0000000008000c7c                EXTI9_5_IRQHandler
                0x0000000008000c7c                RTC_WKUP_IRQHandler
                0x0000000008000c7c                SPI2_IRQHandler
                0x0000000008000c7c                OTG_HS_EP1_IN_IRQHandler
                0x0000000008000c7c                DMA1_Stream0_IRQHandler
                0x0000000008000c7c                CAN1_TX_IRQHandler
                0x0000000008000c7c                EXTI4_IRQHandler
                0x0000000008000c7c                FSMC_IRQHandler
                0x0000000008000c7c                OTG_HS_EP1_OUT_IRQHandler
                0x0000000008000c7c                WWDG_IRQHandler
                0x0000000008000c7c                OTG_FS_WKUP_IRQHandler
                0x0000000008000c7c                TIM1_TRG_COM_TIM11_IRQHandler
                0x0000000008000c7c                OTG_HS_IRQHandler
                0x0000000008000c7c                EXTI1_IRQHandler
                0x0000000008000c7c                USART2_IRQHandler
                0x0000000008000c7c                I2C2_ER_IRQHandler
                0x0000000008000c7c                DMA2_Stream1_IRQHandler
                0x0000000008000c7c                CAN1_SCE_IRQHandler
                0x0000000008000c7c                FLASH_IRQHandler
                0x0000000008000c7c                DMA2_Stream4_IRQHandler
                0x0000000008000c7c                USART1_IRQHandler
                0x0000000008000c7c                SPI3_IRQHandler
                0x0000000008000c7c                DMA1_Stream4_IRQHandler
                0x0000000008000c7c                I2C1_ER_IRQHandler
                0x0000000008000c7c                DMA2_Stream6_IRQHandler
                0x0000000008000c7c                DMA1_Stream3_IRQHandler
 *fill*         0x0000000008000c7e        0x2 
 .text.HAL_Init
                0x0000000008000c80       0x44 ./Drivers/STM32F4xx_HAL_Driver/Src/stm32f4xx_hal.o
                0x0000000008000c80                HAL_Init
 .text.HAL_InitTick
                0x0000000008000cc4       0x60 ./Drivers/STM32F4xx_HAL_Driver/Src/stm32f4xx_hal.o
                0x0000000008000cc4                HAL_InitTick
 .text.HAL_IncTick
                0x0000000008000d24       0x28 ./Drivers/STM32F4xx_HAL_Driver/Src/stm32f4xx_hal.o
                0x0000000008000d24                HAL_IncTick
 .text.HAL_GetTick
                0x0000000008000d4c       0x18 ./Drivers/STM32F4xx_HAL_Driver/Src/stm32f4xx_hal.o
                0x0000000008000d4c                HAL_GetTick
 .text.HAL_Delay
                0x0000000008000d64       0x48 ./Drivers/STM32F4xx_HAL_Driver/Src/stm32f4xx_hal.o
                0x0000000008000d64                HAL_Delay
 .text.HAL_ADC_Init
                0x0000000008000dac       0x86 ./Drivers/STM32F4xx_HAL_Driver/Src/stm32f4xx_hal_adc.o
                0x0000000008000dac                HAL_ADC_Init
 *fill*         0x0000000008000e32        0x2 
 .text.HAL_ADC_ConfigChannel
                0x0000000008000e34      0x244 ./Drivers/STM32F4xx_HAL_Driver/Src/stm32f4xx_hal_adc.o
                0x0000000008000e34                HAL_ADC_ConfigChannel
 .text.ADC_Init
                0x0000000008001078      0x1f8 ./Drivers/STM32F4xx_HAL_Driver/Src/stm32f4xx_hal_adc.o
 .text.__NVIC_SetPriorityGrouping
                0x0000000008001270       0x48 ./Drivers/STM32F4xx_HAL_Driver/Src/stm32f4xx_hal_cortex.o
 .text.__NVIC_GetPriorityGrouping
                0x00000000080012b8       0x1c ./Drivers/STM32F4xx_HAL_Driver/Src/stm32f4xx_hal_cortex.o
 .text.__NVIC_EnableIRQ
                0x00000000080012d4       0x3c ./Drivers/STM32F4xx_HAL_Driver/Src/stm32f4xx_hal_cortex.o
 .text.__NVIC_SetPriority
                0x0000000008001310       0x54 ./Drivers/STM32F4xx_HAL_Driver/Src/stm32f4xx_hal_cortex.o
 .text.NVIC_EncodePriority
                0x0000000008001364       0x66 ./Drivers/STM32F4xx_HAL_Driver/Src/stm32f4xx_hal_cortex.o
 *fill*         0x00000000080013ca        0x2 
 .text.SysTick_Config
                0x00000000080013cc       0x44 ./Drivers/STM32F4xx_HAL_Driver/Src/stm32f4xx_hal_cortex.o
 .text.HAL_NVIC_SetPriorityGrouping
                0x0000000008001410       0x16 ./Drivers/STM32F4xx_HAL_Driver/Src/stm32f4xx_hal_cortex.o
                0x0000000008001410                HAL_NVIC_SetPriorityGrouping
 .text.HAL_NVIC_SetPriority
                0x0000000008001426       0x38 ./Drivers/STM32F4xx_HAL_Driver/Src/stm32f4xx_hal_cortex.o
                0x0000000008001426                HAL_NVIC_SetPriority
 .text.HAL_NVIC_EnableIRQ
                0x000000000800145e       0x1c ./Drivers/STM32F4xx_HAL_Driver/Src/stm32f4xx_hal_cortex.o
                0x000000000800145e                HAL_NVIC_EnableIRQ
 .text.HAL_SYSTICK_Config
                0x000000000800147a       0x18 ./Drivers/STM32F4xx_HAL_Driver/Src/stm32f4xx_hal_cortex.o
                0x000000000800147a                HAL_SYSTICK_Config
 *fill*         0x0000000008001492        0x2 
 .text.HAL_GPIO_Init
                0x0000000008001494      0x338 ./Drivers/STM32F4xx_HAL_Driver/Src/stm32f4xx_hal_gpio.o
                0x0000000008001494                HAL_GPIO_Init
 .text.HAL_GPIO_WritePin
                0x00000000080017cc       0x32 ./Drivers/STM32F4xx_HAL_Driver/Src/stm32f4xx_hal_gpio.o
                0x00000000080017cc                HAL_GPIO_WritePin
 .text.HAL_GPIO_TogglePin
                0x00000000080017fe       0x34 ./Drivers/STM32F4xx_HAL_Driver/Src/stm32f4xx_hal_gpio.o
                0x00000000080017fe                HAL_GPIO_TogglePin
 .text.HAL_PCD_Init
                0x0000000008001832      0x23a ./Drivers/STM32F4xx_HAL_Driver/Src/stm32f4xx_hal_pcd.o
                0x0000000008001832                HAL_PCD_Init
 .text.HAL_PCD_Start
                0x0000000008001a6c       0x66 ./Drivers/STM32F4xx_HAL_Driver/Src/stm32f4xx_hal_pcd.o
                0x0000000008001a6c                HAL_PCD_Start
 .text.HAL_PCD_IRQHandler
                0x0000000008001ad2      0x93e ./Drivers/STM32F4xx_HAL_Driver/Src/stm32f4xx_hal_pcd.o
                0x0000000008001ad2                HAL_PCD_IRQHandler
 .text.HAL_PCD_SetAddress
                0x0000000008002410       0x4a ./Drivers/STM32F4xx_HAL_Driver/Src/stm32f4xx_hal_pcd.o
                0x0000000008002410                HAL_PCD_SetAddress
 .text.HAL_PCD_EP_Open
                0x000000000800245a       0xd0 ./Drivers/STM32F4xx_HAL_Driver/Src/stm32f4xx_hal_pcd.o
                0x000000000800245a                HAL_PCD_EP_Open
 .text.HAL_PCD_EP_Close
                0x000000000800252a       0x94 ./Drivers/STM32F4xx_HAL_Driver/Src/stm32f4xx_hal_pcd.o
                0x000000000800252a                HAL_PCD_EP_Close
 .text.HAL_PCD_EP_Receive
                0x00000000080025be       0x96 ./Drivers/STM32F4xx_HAL_Driver/Src/stm32f4xx_hal_pcd.o
                0x00000000080025be                HAL_PCD_EP_Receive
 .text.HAL_PCD_EP_GetRxCount
                0x0000000008002654       0x30 ./Drivers/STM32F4xx_HAL_Driver/Src/stm32f4xx_hal_pcd.o
                0x0000000008002654                HAL_PCD_EP_GetRxCount
 .text.HAL_PCD_EP_Transmit
                0x0000000008002684       0x94 ./Drivers/STM32F4xx_HAL_Driver/Src/stm32f4xx_hal_pcd.o
                0x0000000008002684                HAL_PCD_EP_Transmit
 .text.HAL_PCD_EP_SetStall
                0x0000000008002718       0xc8 ./Drivers/STM32F4xx_HAL_Driver/Src/stm32f4xx_hal_pcd.o
                0x0000000008002718                HAL_PCD_EP_SetStall
 .text.HAL_PCD_EP_ClrStall
                0x00000000080027e0       0xac ./Drivers/STM32F4xx_HAL_Driver/Src/stm32f4xx_hal_pcd.o
                0x00000000080027e0                HAL_PCD_EP_ClrStall
 .text.HAL_PCD_EP_Abort
                0x000000000800288c       0x62 ./Drivers/STM32F4xx_HAL_Driver/Src/stm32f4xx_hal_pcd.o
                0x000000000800288c                HAL_PCD_EP_Abort
 .text.PCD_WriteEmptyTxFifo
                0x00000000080028ee      0x11a ./Drivers/STM32F4xx_HAL_Driver/Src/stm32f4xx_hal_pcd.o
 .text.PCD_EP_OutXfrComplete_int
                0x0000000008002a08      0x1d0 ./Drivers/STM32F4xx_HAL_Driver/Src/stm32f4xx_hal_pcd.o
 .text.PCD_EP_OutSetupPacket_int
                0x0000000008002bd8       0x8c ./Drivers/STM32F4xx_HAL_Driver/Src/stm32f4xx_hal_pcd.o
 .text.HAL_PCDEx_SetTxFiFo
                0x0000000008002c64       0x8e ./Drivers/STM32F4xx_HAL_Driver/Src/stm32f4xx_hal_pcd_ex.o
                0x0000000008002c64                HAL_PCDEx_SetTxFiFo
 .text.HAL_PCDEx_SetRxFiFo
                0x0000000008002cf2       0x22 ./Drivers/STM32F4xx_HAL_Driver/Src/stm32f4xx_hal_pcd_ex.o
                0x0000000008002cf2                HAL_PCDEx_SetRxFiFo
 .text.HAL_PCDEx_LPM_Callback
                0x0000000008002d14       0x18 ./Drivers/STM32F4xx_HAL_Driver/Src/stm32f4xx_hal_pcd_ex.o
                0x0000000008002d14                HAL_PCDEx_LPM_Callback
 .text.HAL_RCC_OscConfig
                0x0000000008002d2c      0x4f0 ./Drivers/STM32F4xx_HAL_Driver/Src/stm32f4xx_hal_rcc.o
                0x0000000008002d2c                HAL_RCC_OscConfig
 .text.HAL_RCC_ClockConfig
                0x000000000800321c      0x1cc ./Drivers/STM32F4xx_HAL_Driver/Src/stm32f4xx_hal_rcc.o
                0x000000000800321c                HAL_RCC_ClockConfig
 .text.HAL_RCC_GetSysClockFreq
                0x00000000080033e8      0x18c ./Drivers/STM32F4xx_HAL_Driver/Src/stm32f4xx_hal_rcc.o
                0x00000000080033e8                HAL_RCC_GetSysClockFreq
 .text.HAL_RCC_GetHCLKFreq
                0x0000000008003574       0x18 ./Drivers/STM32F4xx_HAL_Driver/Src/stm32f4xx_hal_rcc.o
                0x0000000008003574                HAL_RCC_GetHCLKFreq
 .text.HAL_TIM_Base_Init
                0x000000000800358c       0x9e ./Drivers/STM32F4xx_HAL_Driver/Src/stm32f4xx_hal_tim.o
                0x000000000800358c                HAL_TIM_Base_Init
 .text.HAL_TIM_PWM_Init
                0x000000000800362a       0x9e ./Drivers/STM32F4xx_HAL_Driver/Src/stm32f4xx_hal_tim.o
                0x000000000800362a                HAL_TIM_PWM_Init
 .text.HAL_TIM_PWM_MspInit
                0x00000000080036c8       0x14 ./Drivers/STM32F4xx_HAL_Driver/Src/stm32f4xx_hal_tim.o
                0x00000000080036c8                HAL_TIM_PWM_MspInit
 .text.HAL_TIM_IRQHandler
                0x00000000080036dc      0x210 ./Drivers/STM32F4xx_HAL_Driver/Src/stm32f4xx_hal_tim.o
                0x00000000080036dc                HAL_TIM_IRQHandler
 .text.HAL_TIM_PWM_ConfigChannel
                0x00000000080038ec      0x184 ./Drivers/STM32F4xx_HAL_Driver/Src/stm32f4xx_hal_tim.o
                0x00000000080038ec                HAL_TIM_PWM_ConfigChannel
 .text.HAL_TIM_ConfigClockSource
                0x0000000008003a70      0x18e ./Drivers/STM32F4xx_HAL_Driver/Src/stm32f4xx_hal_tim.o
                0x0000000008003a70                HAL_TIM_ConfigClockSource
 .text.HAL_TIM_PeriodElapsedCallback
                0x0000000008003bfe       0x14 ./Drivers/STM32F4xx_HAL_Driver/Src/stm32f4xx_hal_tim.o
                0x0000000008003bfe                HAL_TIM_PeriodElapsedCallback
 .text.HAL_TIM_OC_DelayElapsedCallback
                0x0000000008003c12       0x14 ./Drivers/STM32F4xx_HAL_Driver/Src/stm32f4xx_hal_tim.o
                0x0000000008003c12                HAL_TIM_OC_DelayElapsedCallback
 .text.HAL_TIM_IC_CaptureCallback
                0x0000000008003c26       0x14 ./Drivers/STM32F4xx_HAL_Driver/Src/stm32f4xx_hal_tim.o
                0x0000000008003c26                HAL_TIM_IC_CaptureCallback
 .text.HAL_TIM_PWM_PulseFinishedCallback
                0x0000000008003c3a       0x14 ./Drivers/STM32F4xx_HAL_Driver/Src/stm32f4xx_hal_tim.o
                0x0000000008003c3a                HAL_TIM_PWM_PulseFinishedCallback
 .text.HAL_TIM_TriggerCallback
                0x0000000008003c4e       0x14 ./Drivers/STM32F4xx_HAL_Driver/Src/stm32f4xx_hal_tim.o
                0x0000000008003c4e                HAL_TIM_TriggerCallback
 *fill*         0x0000000008003c62        0x2 
 .text.TIM_Base_SetConfig
                0x0000000008003c64      0x140 ./Drivers/STM32F4xx_HAL_Driver/Src/stm32f4xx_hal_tim.o
                0x0000000008003c64                TIM_Base_SetConfig
 .text.TIM_OC1_SetConfig
                0x0000000008003da4       0xe0 ./Drivers/STM32F4xx_HAL_Driver/Src/stm32f4xx_hal_tim.o
 .text.TIM_OC2_SetConfig
                0x0000000008003e84       0xec ./Drivers/STM32F4xx_HAL_Driver/Src/stm32f4xx_hal_tim.o
                0x0000000008003e84                TIM_OC2_SetConfig
 .text.TIM_OC3_SetConfig
                0x0000000008003f70       0xe8 ./Drivers/STM32F4xx_HAL_Driver/Src/stm32f4xx_hal_tim.o
 .text.TIM_OC4_SetConfig
                0x0000000008004058       0xac ./Drivers/STM32F4xx_HAL_Driver/Src/stm32f4xx_hal_tim.o
 .text.TIM_TI1_ConfigInputStage
                0x0000000008004104       0x5e ./Drivers/STM32F4xx_HAL_Driver/Src/stm32f4xx_hal_tim.o
 .text.TIM_TI2_ConfigInputStage
                0x0000000008004162       0x60 ./Drivers/STM32F4xx_HAL_Driver/Src/stm32f4xx_hal_tim.o
 .text.TIM_ITRx_SetConfig
                0x00000000080041c2       0x36 ./Drivers/STM32F4xx_HAL_Driver/Src/stm32f4xx_hal_tim.o
 .text.TIM_ETR_SetConfig
                0x00000000080041f8       0x40 ./Drivers/STM32F4xx_HAL_Driver/Src/stm32f4xx_hal_tim.o
                0x00000000080041f8                TIM_ETR_SetConfig
 .text.HAL_TIMEx_MasterConfigSynchronization
                0x0000000008004238       0xf8 ./Drivers/STM32F4xx_HAL_Driver/Src/stm32f4xx_hal_tim_ex.o
                0x0000000008004238                HAL_TIMEx_MasterConfigSynchronization
 .text.HAL_TIMEx_ConfigBreakDeadTime
                0x0000000008004330       0xa4 ./Drivers/STM32F4xx_HAL_Driver/Src/stm32f4xx_hal_tim_ex.o
                0x0000000008004330                HAL_TIMEx_ConfigBreakDeadTime
 .text.HAL_TIMEx_CommutCallback
                0x00000000080043d4       0x14 ./Drivers/STM32F4xx_HAL_Driver/Src/stm32f4xx_hal_tim_ex.o
                0x00000000080043d4                HAL_TIMEx_CommutCallback
 .text.HAL_TIMEx_BreakCallback
                0x00000000080043e8       0x14 ./Drivers/STM32F4xx_HAL_Driver/Src/stm32f4xx_hal_tim_ex.o
                0x00000000080043e8                HAL_TIMEx_BreakCallback
 .text.USB_CoreInit
                0x00000000080043fc       0xc2 ./Drivers/STM32F4xx_HAL_Driver/Src/stm32f4xx_ll_usb.o
                0x00000000080043fc                USB_CoreInit
 *fill*         0x00000000080044be        0x2 
 .text.USB_SetTurnaroundTime
                0x00000000080044c0      0x144 ./Drivers/STM32F4xx_HAL_Driver/Src/stm32f4xx_ll_usb.o
                0x00000000080044c0                USB_SetTurnaroundTime
 .text.USB_EnableGlobalInt
                0x0000000008004604       0x22 ./Drivers/STM32F4xx_HAL_Driver/Src/stm32f4xx_ll_usb.o
                0x0000000008004604                USB_EnableGlobalInt
 .text.USB_DisableGlobalInt
                0x0000000008004626       0x22 ./Drivers/STM32F4xx_HAL_Driver/Src/stm32f4xx_ll_usb.o
                0x0000000008004626                USB_DisableGlobalInt
 .text.USB_SetCurrentMode
                0x0000000008004648       0x98 ./Drivers/STM32F4xx_HAL_Driver/Src/stm32f4xx_ll_usb.o
                0x0000000008004648                USB_SetCurrentMode
 .text.USB_DevInit
                0x00000000080046e0      0x2c8 ./Drivers/STM32F4xx_HAL_Driver/Src/stm32f4xx_ll_usb.o
                0x00000000080046e0                USB_DevInit
 .text.USB_FlushTxFifo
                0x00000000080049a8       0x68 ./Drivers/STM32F4xx_HAL_Driver/Src/stm32f4xx_ll_usb.o
                0x00000000080049a8                USB_FlushTxFifo
 .text.USB_FlushRxFifo
                0x0000000008004a10       0x60 ./Drivers/STM32F4xx_HAL_Driver/Src/stm32f4xx_ll_usb.o
                0x0000000008004a10                USB_FlushRxFifo
 .text.USB_SetDevSpeed
                0x0000000008004a70       0x32 ./Drivers/STM32F4xx_HAL_Driver/Src/stm32f4xx_ll_usb.o
                0x0000000008004a70                USB_SetDevSpeed
 .text.USB_GetDevSpeed
                0x0000000008004aa2       0x4a ./Drivers/STM32F4xx_HAL_Driver/Src/stm32f4xx_ll_usb.o
                0x0000000008004aa2                USB_GetDevSpeed
 .text.USB_ActivateEndpoint
                0x0000000008004aec      0x10e ./Drivers/STM32F4xx_HAL_Driver/Src/stm32f4xx_ll_usb.o
                0x0000000008004aec                USB_ActivateEndpoint
 *fill*         0x0000000008004bfa        0x2 
 .text.USB_DeactivateEndpoint
                0x0000000008004bfc      0x1b8 ./Drivers/STM32F4xx_HAL_Driver/Src/stm32f4xx_ll_usb.o
                0x0000000008004bfc                USB_DeactivateEndpoint
 .text.USB_EPStartXfer
                0x0000000008004db4      0x490 ./Drivers/STM32F4xx_HAL_Driver/Src/stm32f4xx_ll_usb.o
                0x0000000008004db4                USB_EPStartXfer
 .text.USB_EP0StartXfer
                0x0000000008005244      0x2b0 ./Drivers/STM32F4xx_HAL_Driver/Src/stm32f4xx_ll_usb.o
                0x0000000008005244                USB_EP0StartXfer
 .text.USB_EPStopXfer
                0x00000000080054f4      0x154 ./Drivers/STM32F4xx_HAL_Driver/Src/stm32f4xx_ll_usb.o
                0x00000000080054f4                USB_EPStopXfer
 .text.USB_WritePacket
                0x0000000008005648       0x7c ./Drivers/STM32F4xx_HAL_Driver/Src/stm32f4xx_ll_usb.o
                0x0000000008005648                USB_WritePacket
 .text.USB_ReadPacket
                0x00000000080056c4       0xb0 ./Drivers/STM32F4xx_HAL_Driver/Src/stm32f4xx_ll_usb.o
                0x00000000080056c4                USB_ReadPacket
 .text.USB_EPSetStall
                0x0000000008005774       0xdc ./Drivers/STM32F4xx_HAL_Driver/Src/stm32f4xx_ll_usb.o
                0x0000000008005774                USB_EPSetStall
 .text.USB_EPClearStall
                0x0000000008005850       0xcc ./Drivers/STM32F4xx_HAL_Driver/Src/stm32f4xx_ll_usb.o
                0x0000000008005850                USB_EPClearStall
 .text.USB_SetDevAddress
                0x000000000800591c       0x4c ./Drivers/STM32F4xx_HAL_Driver/Src/stm32f4xx_ll_usb.o
                0x000000000800591c                USB_SetDevAddress
 .text.USB_DevConnect
                0x0000000008005968       0x42 ./Drivers/STM32F4xx_HAL_Driver/Src/stm32f4xx_ll_usb.o
                0x0000000008005968                USB_DevConnect
 .text.USB_DevDisconnect
                0x00000000080059aa       0x42 ./Drivers/STM32F4xx_HAL_Driver/Src/stm32f4xx_ll_usb.o
                0x00000000080059aa                USB_DevDisconnect
 .text.USB_ReadInterrupts
                0x00000000080059ec       0x26 ./Drivers/STM32F4xx_HAL_Driver/Src/stm32f4xx_ll_usb.o
                0x00000000080059ec                USB_ReadInterrupts
 .text.USB_ReadDevAllOutEpInterrupt
                0x0000000008005a12       0x34 ./Drivers/STM32F4xx_HAL_Driver/Src/stm32f4xx_ll_usb.o
                0x0000000008005a12                USB_ReadDevAllOutEpInterrupt
 .text.USB_ReadDevAllInEpInterrupt
                0x0000000008005a46       0x34 ./Drivers/STM32F4xx_HAL_Driver/Src/stm32f4xx_ll_usb.o
                0x0000000008005a46                USB_ReadDevAllInEpInterrupt
 .text.USB_ReadDevOutEPInterrupt
                0x0000000008005a7a       0x3c ./Drivers/STM32F4xx_HAL_Driver/Src/stm32f4xx_ll_usb.o
                0x0000000008005a7a                USB_ReadDevOutEPInterrupt
 .text.USB_ReadDevInEPInterrupt
                0x0000000008005ab6       0x5c ./Drivers/STM32F4xx_HAL_Driver/Src/stm32f4xx_ll_usb.o
                0x0000000008005ab6                USB_ReadDevInEPInterrupt
 .text.USB_GetMode
                0x0000000008005b12       0x1c ./Drivers/STM32F4xx_HAL_Driver/Src/stm32f4xx_ll_usb.o
                0x0000000008005b12                USB_GetMode
 .text.USB_ActivateSetup
                0x0000000008005b2e       0x46 ./Drivers/STM32F4xx_HAL_Driver/Src/stm32f4xx_ll_usb.o
                0x0000000008005b2e                USB_ActivateSetup
 .text.USB_EP0_OutStart
                0x0000000008005b74       0xbc ./Drivers/STM32F4xx_HAL_Driver/Src/stm32f4xx_ll_usb.o
                0x0000000008005b74                USB_EP0_OutStart
 .text.USB_CoreReset
                0x0000000008005c30       0x68 ./Drivers/STM32F4xx_HAL_Driver/Src/stm32f4xx_ll_usb.o
 .text.USBD_CDC_Init
                0x0000000008005c98      0x1f0 ./Middlewares/ST/STM32_USB_Device_Library/Class/CDC/Src/usbd_cdc.o
 .text.USBD_CDC_DeInit
                0x0000000008005e88      0x104 ./Middlewares/ST/STM32_USB_Device_Library/Class/CDC/Src/usbd_cdc.o
 .text.USBD_CDC_Setup
                0x0000000008005f8c      0x1b8 ./Middlewares/ST/STM32_USB_Device_Library/Class/CDC/Src/usbd_cdc.o
 .text.USBD_CDC_DataIn
                0x0000000008006144       0xfe ./Middlewares/ST/STM32_USB_Device_Library/Class/CDC/Src/usbd_cdc.o
 .text.USBD_CDC_DataOut
                0x0000000008006242       0x70 ./Middlewares/ST/STM32_USB_Device_Library/Class/CDC/Src/usbd_cdc.o
 .text.USBD_CDC_EP0_RxReady
                0x00000000080062b2       0x76 ./Middlewares/ST/STM32_USB_Device_Library/Class/CDC/Src/usbd_cdc.o
 .text.USBD_CDC_GetFSCfgDesc
                0x0000000008006328       0x70 ./Middlewares/ST/STM32_USB_Device_Library/Class/CDC/Src/usbd_cdc.o
 .text.USBD_CDC_GetHSCfgDesc
                0x0000000008006398       0x70 ./Middlewares/ST/STM32_USB_Device_Library/Class/CDC/Src/usbd_cdc.o
 .text.USBD_CDC_GetOtherSpeedCfgDesc
                0x0000000008006408       0x70 ./Middlewares/ST/STM32_USB_Device_Library/Class/CDC/Src/usbd_cdc.o
 .text.USBD_CDC_GetDeviceQualifierDescriptor
                0x0000000008006478       0x20 ./Middlewares/ST/STM32_USB_Device_Library/Class/CDC/Src/usbd_cdc.o
                0x0000000008006478                USBD_CDC_GetDeviceQualifierDescriptor
 .text.USBD_CDC_RegisterInterface
                0x0000000008006498       0x34 ./Middlewares/ST/STM32_USB_Device_Library/Class/CDC/Src/usbd_cdc.o
                0x0000000008006498                USBD_CDC_RegisterInterface
 .text.USBD_CDC_SetTxBuffer
                0x00000000080064cc       0x44 ./Middlewares/ST/STM32_USB_Device_Library/Class/CDC/Src/usbd_cdc.o
                0x00000000080064cc                USBD_CDC_SetTxBuffer
 .text.USBD_CDC_SetRxBuffer
                0x0000000008006510       0x3a ./Middlewares/ST/STM32_USB_Device_Library/Class/CDC/Src/usbd_cdc.o
                0x0000000008006510                USBD_CDC_SetRxBuffer
 *fill*         0x000000000800654a        0x2 
 .text.USBD_CDC_ReceivePacket
                0x000000000800654c       0x6c ./Middlewares/ST/STM32_USB_Device_Library/Class/CDC/Src/usbd_cdc.o
                0x000000000800654c                USBD_CDC_ReceivePacket
 .text.USBD_Init
                0x00000000080065b8       0x60 ./Middlewares/ST/STM32_USB_Device_Library/Core/Src/usbd_core.o
                0x00000000080065b8                USBD_Init
 .text.USBD_RegisterClass
                0x0000000008006618       0x6c ./Middlewares/ST/STM32_USB_Device_Library/Core/Src/usbd_core.o
                0x0000000008006618                USBD_RegisterClass
 .text.USBD_Start
                0x0000000008006684       0x18 ./Middlewares/ST/STM32_USB_Device_Library/Core/Src/usbd_core.o
                0x0000000008006684                USBD_Start
 .text.USBD_RunTestMode
                0x000000000800669c       0x16 ./Middlewares/ST/STM32_USB_Device_Library/Core/Src/usbd_core.o
                0x000000000800669c                USBD_RunTestMode
 .text.USBD_SetClassConfig
                0x00000000080066b2       0x38 ./Middlewares/ST/STM32_USB_Device_Library/Core/Src/usbd_core.o
                0x00000000080066b2                USBD_SetClassConfig
 .text.USBD_ClrClassConfig
                0x00000000080066ea       0x34 ./Middlewares/ST/STM32_USB_Device_Library/Core/Src/usbd_core.o
                0x00000000080066ea                USBD_ClrClassConfig
 .text.USBD_LL_SetupStage
                0x000000000800671e       0xaa ./Middlewares/ST/STM32_USB_Device_Library/Core/Src/usbd_core.o
                0x000000000800671e                USBD_LL_SetupStage
 .text.USBD_LL_DataOutStage
                0x00000000080067c8      0x166 ./Middlewares/ST/STM32_USB_Device_Library/Core/Src/usbd_core.o
                0x00000000080067c8                USBD_LL_DataOutStage
 .text.USBD_LL_DataInStage
                0x000000000800692e      0x164 ./Middlewares/ST/STM32_USB_Device_Library/Core/Src/usbd_core.o
                0x000000000800692e                USBD_LL_DataInStage
 .text.USBD_LL_Reset
                0x0000000008006a92       0xa4 ./Middlewares/ST/STM32_USB_Device_Library/Core/Src/usbd_core.o
                0x0000000008006a92                USBD_LL_Reset
 .text.USBD_LL_SetSpeed
                0x0000000008006b36       0x20 ./Middlewares/ST/STM32_USB_Device_Library/Core/Src/usbd_core.o
                0x0000000008006b36                USBD_LL_SetSpeed
 .text.USBD_LL_Suspend
                0x0000000008006b56       0x2c ./Middlewares/ST/STM32_USB_Device_Library/Core/Src/usbd_core.o
                0x0000000008006b56                USBD_LL_Suspend
 .text.USBD_LL_Resume
                0x0000000008006b82       0x30 ./Middlewares/ST/STM32_USB_Device_Library/Core/Src/usbd_core.o
                0x0000000008006b82                USBD_LL_Resume
 .text.USBD_LL_SOF
                0x0000000008006bb2       0x40 ./Middlewares/ST/STM32_USB_Device_Library/Core/Src/usbd_core.o
                0x0000000008006bb2                USBD_LL_SOF
 .text.USBD_LL_IsoINIncomplete
                0x0000000008006bf2       0x64 ./Middlewares/ST/STM32_USB_Device_Library/Core/Src/usbd_core.o
                0x0000000008006bf2                USBD_LL_IsoINIncomplete
 .text.USBD_LL_IsoOUTIncomplete
                0x0000000008006c56       0x64 ./Middlewares/ST/STM32_USB_Device_Library/Core/Src/usbd_core.o
                0x0000000008006c56                USBD_LL_IsoOUTIncomplete
 .text.USBD_LL_DevConnected
                0x0000000008006cba       0x16 ./Middlewares/ST/STM32_USB_Device_Library/Core/Src/usbd_core.o
                0x0000000008006cba                USBD_LL_DevConnected
 .text.USBD_LL_DevDisconnected
                0x0000000008006cd0       0x46 ./Middlewares/ST/STM32_USB_Device_Library/Core/Src/usbd_core.o
                0x0000000008006cd0                USBD_LL_DevDisconnected
 .text.USBD_CoreFindIF
                0x0000000008006d16       0x1a ./Middlewares/ST/STM32_USB_Device_Library/Core/Src/usbd_core.o
                0x0000000008006d16                USBD_CoreFindIF
 .text.USBD_CoreFindEP
                0x0000000008006d30       0x1a ./Middlewares/ST/STM32_USB_Device_Library/Core/Src/usbd_core.o
                0x0000000008006d30                USBD_CoreFindEP
 .text.USBD_GetEpDesc
                0x0000000008006d4a       0x74 ./Middlewares/ST/STM32_USB_Device_Library/Core/Src/usbd_core.o
                0x0000000008006d4a                USBD_GetEpDesc
 .text.USBD_GetNextDesc
                0x0000000008006dbe       0x3a ./Middlewares/ST/STM32_USB_Device_Library/Core/Src/usbd_core.o
                0x0000000008006dbe                USBD_GetNextDesc
 .text.SWAPBYTE
                0x0000000008006df8       0x3c ./Middlewares/ST/STM32_USB_Device_Library/Core/Src/usbd_ctlreq.o
 .text.USBD_StdDevReq
                0x0000000008006e34       0xe4 ./Middlewares/ST/STM32_USB_Device_Library/Core/Src/usbd_ctlreq.o
                0x0000000008006e34                USBD_StdDevReq
 .text.USBD_StdItfReq
                0x0000000008006f18       0xd8 ./Middlewares/ST/STM32_USB_Device_Library/Core/Src/usbd_ctlreq.o
                0x0000000008006f18                USBD_StdItfReq
 .text.USBD_StdEPReq
                0x0000000008006ff0      0x33a ./Middlewares/ST/STM32_USB_Device_Library/Core/Src/usbd_ctlreq.o
                0x0000000008006ff0                USBD_StdEPReq
 *fill*         0x000000000800732a        0x2 
 .text.USBD_GetDescriptor
                0x000000000800732c      0x2d4 ./Middlewares/ST/STM32_USB_Device_Library/Core/Src/usbd_ctlreq.o
 .text.USBD_SetAddress
                0x0000000008007600       0x88 ./Middlewares/ST/STM32_USB_Device_Library/Core/Src/usbd_ctlreq.o
 .text.USBD_SetConfig
                0x0000000008007688      0x154 ./Middlewares/ST/STM32_USB_Device_Library/Core/Src/usbd_ctlreq.o
 .text.USBD_GetConfig
                0x00000000080077dc       0x6c ./Middlewares/ST/STM32_USB_Device_Library/Core/Src/usbd_ctlreq.o
 .text.USBD_GetStatus
                0x0000000008007848       0x68 ./Middlewares/ST/STM32_USB_Device_Library/Core/Src/usbd_ctlreq.o
 .text.USBD_SetFeature
                0x00000000080078b0       0x52 ./Middlewares/ST/STM32_USB_Device_Library/Core/Src/usbd_ctlreq.o
 .text.USBD_ClrFeature
                0x0000000008007902       0x44 ./Middlewares/ST/STM32_USB_Device_Library/Core/Src/usbd_ctlreq.o
 .text.USBD_ParseSetupRequest
                0x0000000008007946       0x74 ./Middlewares/ST/STM32_USB_Device_Library/Core/Src/usbd_ctlreq.o
                0x0000000008007946                USBD_ParseSetupRequest
 .text.USBD_CtlError
                0x00000000080079ba       0x22 ./Middlewares/ST/STM32_USB_Device_Library/Core/Src/usbd_ctlreq.o
                0x00000000080079ba                USBD_CtlError
 .text.USBD_GetString
                0x00000000080079dc       0x8c ./Middlewares/ST/STM32_USB_Device_Library/Core/Src/usbd_ctlreq.o
                0x00000000080079dc                USBD_GetString
 .text.USBD_GetLen
                0x0000000008007a68       0x34 ./Middlewares/ST/STM32_USB_Device_Library/Core/Src/usbd_ctlreq.o
 .text.USBD_CtlSendData
                0x0000000008007a9c       0x36 ./Middlewares/ST/STM32_USB_Device_Library/Core/Src/usbd_ioreq.o
                0x0000000008007a9c                USBD_CtlSendData
 .text.USBD_CtlContinueSendData
                0x0000000008007ad2       0x22 ./Middlewares/ST/STM32_USB_Device_Library/Core/Src/usbd_ioreq.o
                0x0000000008007ad2                USBD_CtlContinueSendData
 .text.USBD_CtlPrepareRx
                0x0000000008007af4       0x3a ./Middlewares/ST/STM32_USB_Device_Library/Core/Src/usbd_ioreq.o
                0x0000000008007af4                USBD_CtlPrepareRx
 .text.USBD_CtlContinueRx
                0x0000000008007b2e       0x22 ./Middlewares/ST/STM32_USB_Device_Library/Core/Src/usbd_ioreq.o
                0x0000000008007b2e                USBD_CtlContinueRx
 .text.USBD_CtlSendStatus
                0x0000000008007b50       0x26 ./Middlewares/ST/STM32_USB_Device_Library/Core/Src/usbd_ioreq.o
                0x0000000008007b50                USBD_CtlSendStatus
 .text.USBD_CtlReceiveStatus
                0x0000000008007b76       0x26 ./Middlewares/ST/STM32_USB_Device_Library/Core/Src/usbd_ioreq.o
                0x0000000008007b76                USBD_CtlReceiveStatus
 .text.MX_USB_DEVICE_Init
                0x0000000008007b9c       0x60 ./USB_DEVICE/App/usb_device.o
                0x0000000008007b9c                MX_USB_DEVICE_Init
 .text.CDC_Init_FS
                0x0000000008007bfc       0x28 ./USB_DEVICE/App/usbd_cdc_if.o
 .text.CDC_DeInit_FS
                0x0000000008007c24       0x10 ./USB_DEVICE/App/usbd_cdc_if.o
 .text.CDC_Control_FS
                0x0000000008007c34       0xbc ./USB_DEVICE/App/usbd_cdc_if.o
 .text.CDC_Receive_FS
                0x0000000008007cf0       0x3c ./USB_DEVICE/App/usbd_cdc_if.o
 .text.CDC_TransmitCplt_FS
                0x0000000008007d2c       0x22 ./USB_DEVICE/App/usbd_cdc_if.o
 *fill*         0x0000000008007d4e        0x2 
 .text.USBD_FS_DeviceDescriptor
                0x0000000008007d50       0x24 ./USB_DEVICE/App/usbd_desc.o
                0x0000000008007d50                USBD_FS_DeviceDescriptor
 .text.USBD_FS_LangIDStrDescriptor
                0x0000000008007d74       0x24 ./USB_DEVICE/App/usbd_desc.o
                0x0000000008007d74                USBD_FS_LangIDStrDescriptor
 .text.USBD_FS_ProductStrDescriptor
                0x0000000008007d98       0x3c ./USB_DEVICE/App/usbd_desc.o
                0x0000000008007d98                USBD_FS_ProductStrDescriptor
 .text.USBD_FS_ManufacturerStrDescriptor
                0x0000000008007dd4       0x28 ./USB_DEVICE/App/usbd_desc.o
                0x0000000008007dd4                USBD_FS_ManufacturerStrDescriptor
 .text.USBD_FS_SerialStrDescriptor
                0x0000000008007dfc       0x24 ./USB_DEVICE/App/usbd_desc.o
                0x0000000008007dfc                USBD_FS_SerialStrDescriptor
 .text.USBD_FS_ConfigStrDescriptor
                0x0000000008007e20       0x3c ./USB_DEVICE/App/usbd_desc.o
                0x0000000008007e20                USBD_FS_ConfigStrDescriptor
 .text.USBD_FS_InterfaceStrDescriptor
                0x0000000008007e5c       0x3c ./USB_DEVICE/App/usbd_desc.o
                0x0000000008007e5c                USBD_FS_InterfaceStrDescriptor
 .text.Get_SerialNum
                0x0000000008007e98       0x58 ./USB_DEVICE/App/usbd_desc.o
 .text.IntToUnicode
                0x0000000008007ef0       0x7e ./USB_DEVICE/App/usbd_desc.o
 *fill*         0x0000000008007f6e        0x2 
 .text.HAL_PCD_MspInit
                0x0000000008007f70       0xa8 ./USB_DEVICE/Target/usbd_conf.o
                0x0000000008007f70                HAL_PCD_MspInit
 .text.HAL_PCD_SetupStageCallback
                0x0000000008008018       0x24 ./USB_DEVICE/Target/usbd_conf.o
                0x0000000008008018                HAL_PCD_SetupStageCallback
 .text.HAL_PCD_DataOutStageCallback
                0x000000000800803c       0x36 ./USB_DEVICE/Target/usbd_conf.o
                0x000000000800803c                HAL_PCD_DataOutStageCallback
 .text.HAL_PCD_DataInStageCallback
                0x0000000008008072       0x34 ./USB_DEVICE/Target/usbd_conf.o
                0x0000000008008072                HAL_PCD_DataInStageCallback
 .text.HAL_PCD_SOFCallback
                0x00000000080080a6       0x1c ./USB_DEVICE/Target/usbd_conf.o
                0x00000000080080a6                HAL_PCD_SOFCallback
 .text.HAL_PCD_ResetCallback
                0x00000000080080c2       0x50 ./USB_DEVICE/Target/usbd_conf.o
                0x00000000080080c2                HAL_PCD_ResetCallback
 *fill*         0x0000000008008112        0x2 
 .text.HAL_PCD_SuspendCallback
                0x0000000008008114       0x4c ./USB_DEVICE/Target/usbd_conf.o
                0x0000000008008114                HAL_PCD_SuspendCallback
 .text.HAL_PCD_ResumeCallback
                0x0000000008008160       0x1c ./USB_DEVICE/Target/usbd_conf.o
                0x0000000008008160                HAL_PCD_ResumeCallback
 .text.HAL_PCD_ISOOUTIncompleteCallback
                0x000000000800817c       0x24 ./USB_DEVICE/Target/usbd_conf.o
                0x000000000800817c                HAL_PCD_ISOOUTIncompleteCallback
 .text.HAL_PCD_ISOINIncompleteCallback
                0x00000000080081a0       0x24 ./USB_DEVICE/Target/usbd_conf.o
                0x00000000080081a0                HAL_PCD_ISOINIncompleteCallback
 .text.HAL_PCD_ConnectCallback
                0x00000000080081c4       0x1c ./USB_DEVICE/Target/usbd_conf.o
                0x00000000080081c4                HAL_PCD_ConnectCallback
 .text.HAL_PCD_DisconnectCallback
                0x00000000080081e0       0x1c ./USB_DEVICE/Target/usbd_conf.o
                0x00000000080081e0                HAL_PCD_DisconnectCallback
 .text.USBD_LL_Init
                0x00000000080081fc       0x98 ./USB_DEVICE/Target/usbd_conf.o
                0x00000000080081fc                USBD_LL_Init
 .text.USBD_LL_Start
                0x0000000008008294       0x36 ./USB_DEVICE/Target/usbd_conf.o
                0x0000000008008294                USBD_LL_Start
 .text.USBD_LL_OpenEP
                0x00000000080082ca       0x4c ./USB_DEVICE/Target/usbd_conf.o
                0x00000000080082ca                USBD_LL_OpenEP
 .text.USBD_LL_CloseEP
                0x0000000008008316       0x3e ./USB_DEVICE/Target/usbd_conf.o
                0x0000000008008316                USBD_LL_CloseEP
 .text.USBD_LL_StallEP
                0x0000000008008354       0x3e ./USB_DEVICE/Target/usbd_conf.o
                0x0000000008008354                USBD_LL_StallEP
 .text.USBD_LL_ClearStallEP
                0x0000000008008392       0x3e ./USB_DEVICE/Target/usbd_conf.o
                0x0000000008008392                USBD_LL_ClearStallEP
 .text.USBD_LL_IsStallEP
                0x00000000080083d0       0x58 ./USB_DEVICE/Target/usbd_conf.o
                0x00000000080083d0                USBD_LL_IsStallEP
 .text.USBD_LL_SetUSBAddress
                0x0000000008008428       0x3e ./USB_DEVICE/Target/usbd_conf.o
                0x0000000008008428                USBD_LL_SetUSBAddress
 .text.USBD_LL_Transmit
                0x0000000008008466       0x42 ./USB_DEVICE/Target/usbd_conf.o
                0x0000000008008466                USBD_LL_Transmit
 .text.USBD_LL_PrepareReceive
                0x00000000080084a8       0x42 ./USB_DEVICE/Target/usbd_conf.o
                0x00000000080084a8                USBD_LL_PrepareReceive
 .text.USBD_LL_GetRxDataSize
                0x00000000080084ea       0x26 ./USB_DEVICE/Target/usbd_conf.o
                0x00000000080084ea                USBD_LL_GetRxDataSize
 .text.USBD_static_malloc
                0x0000000008008510       0x1c ./USB_DEVICE/Target/usbd_conf.o
                0x0000000008008510                USBD_static_malloc
 .text.USBD_static_free
                0x000000000800852c       0x14 ./USB_DEVICE/Target/usbd_conf.o
                0x000000000800852c                USBD_static_free
 .text.USBD_Get_USB_Status
                0x0000000008008540       0x58 ./USB_DEVICE/Target/usbd_conf.o
                0x0000000008008540                USBD_Get_USB_Status
 .text.__libc_init_array
                0x0000000008008598       0x48 c:/st/stm32cubeide_1.11.2/stm32cubeide/plugins/com.st.stm32cube.ide.mcu.externaltools.gnu-tools-for-stm32.10.3-2021.10.win32_1.0.100.202210260954/tools/bin/../lib/gcc/arm-none-eabi/10.3.1/../../../../arm-none-eabi/lib/thumb/v7e-m+fp/hard\libc_nano.a(lib_a-init.o)
                0x0000000008008598                __libc_init_array
 .text.memcpy   0x00000000080085e0       0x1c c:/st/stm32cubeide_1.11.2/stm32cubeide/plugins/com.st.stm32cube.ide.mcu.externaltools.gnu-tools-for-stm32.10.3-2021.10.win32_1.0.100.202210260954/tools/bin/../lib/gcc/arm-none-eabi/10.3.1/../../../../arm-none-eabi/lib/thumb/v7e-m+fp/hard\libc_nano.a(lib_a-memcpy-stub.o)
                0x00000000080085e0                memcpy
 .text.memset   0x00000000080085fc       0x10 c:/st/stm32cubeide_1.11.2/stm32cubeide/plugins/com.st.stm32cube.ide.mcu.externaltools.gnu-tools-for-stm32.10.3-2021.10.win32_1.0.100.202210260954/tools/bin/../lib/gcc/arm-none-eabi/10.3.1/../../../../arm-none-eabi/lib/thumb/v7e-m+fp/hard\libc_nano.a(lib_a-memset.o)
                0x00000000080085fc                memset
 *(.glue_7)
 .glue_7        0x000000000800860c        0x0 linker stubs
 *(.glue_7t)
 .glue_7t       0x000000000800860c        0x0 linker stubs
 *(.eh_frame)
 .eh_frame      0x000000000800860c        0x0 c:/st/stm32cubeide_1.11.2/stm32cubeide/plugins/com.st.stm32cube.ide.mcu.externaltools.gnu-tools-for-stm32.10.3-2021.10.win32_1.0.100.202210260954/tools/bin/../lib/gcc/arm-none-eabi/10.3.1/thumb/v7e-m+fp/hard/crtbegin.o
 *(.init)
 .init          0x000000000800860c        0x4 c:/st/stm32cubeide_1.11.2/stm32cubeide/plugins/com.st.stm32cube.ide.mcu.externaltools.gnu-tools-for-stm32.10.3-2021.10.win32_1.0.100.202210260954/tools/bin/../lib/gcc/arm-none-eabi/10.3.1/thumb/v7e-m+fp/hard/crti.o
                0x000000000800860c                _init
 .init          0x0000000008008610        0x8 c:/st/stm32cubeide_1.11.2/stm32cubeide/plugins/com.st.stm32cube.ide.mcu.externaltools.gnu-tools-for-stm32.10.3-2021.10.win32_1.0.100.202210260954/tools/bin/../lib/gcc/arm-none-eabi/10.3.1/thumb/v7e-m+fp/hard/crtn.o
 *(.fini)
 .fini          0x0000000008008618        0x4 c:/st/stm32cubeide_1.11.2/stm32cubeide/plugins/com.st.stm32cube.ide.mcu.externaltools.gnu-tools-for-stm32.10.3-2021.10.win32_1.0.100.202210260954/tools/bin/../lib/gcc/arm-none-eabi/10.3.1/thumb/v7e-m+fp/hard/crti.o
                0x0000000008008618                _fini
 .fini          0x000000000800861c        0x8 c:/st/stm32cubeide_1.11.2/stm32cubeide/plugins/com.st.stm32cube.ide.mcu.externaltools.gnu-tools-for-stm32.10.3-2021.10.win32_1.0.100.202210260954/tools/bin/../lib/gcc/arm-none-eabi/10.3.1/thumb/v7e-m+fp/hard/crtn.o
                0x0000000008008624                . = ALIGN (0x4)
                0x0000000008008624                _etext = .

.vfp11_veneer   0x0000000008008624        0x0
 .vfp11_veneer  0x0000000008008624        0x0 linker stubs

.v4_bx          0x0000000008008624        0x0
 .v4_bx         0x0000000008008624        0x0 linker stubs

.iplt           0x0000000008008624        0x0
 .iplt          0x0000000008008624        0x0 c:/st/stm32cubeide_1.11.2/stm32cubeide/plugins/com.st.stm32cube.ide.mcu.externaltools.gnu-tools-for-stm32.10.3-2021.10.win32_1.0.100.202210260954/tools/bin/../lib/gcc/arm-none-eabi/10.3.1/thumb/v7e-m+fp/hard/crtbegin.o

.rodata         0x0000000008008624       0x58
                0x0000000008008624                . = ALIGN (0x4)
 *(.rodata)
 .rodata        0x0000000008008624       0x46 ./USB_DEVICE/App/usbd_desc.o
 *(.rodata*)
 *fill*         0x000000000800866a        0x2 
 .rodata.AHBPrescTable
                0x000000000800866c       0x10 ./Core/Src/system_stm32f4xx.o
                0x000000000800866c                AHBPrescTable
                0x000000000800867c                . = ALIGN (0x4)

.ARM.extab      0x000000000800867c        0x0
                0x000000000800867c                . = ALIGN (0x4)
 *(.ARM.extab* .gnu.linkonce.armextab.*)
                0x000000000800867c                . = ALIGN (0x4)

.ARM            0x000000000800867c        0x8
                0x000000000800867c                . = ALIGN (0x4)
                0x000000000800867c                __exidx_start = .
 *(.ARM.exidx*)
 .ARM.exidx     0x000000000800867c        0x8 c:/st/stm32cubeide_1.11.2/stm32cubeide/plugins/com.st.stm32cube.ide.mcu.externaltools.gnu-tools-for-stm32.10.3-2021.10.win32_1.0.100.202210260954/tools/bin/../lib/gcc/arm-none-eabi/10.3.1/thumb/v7e-m+fp/hard\libgcc.a(_udivmoddi4.o)
                0x0000000008008684                __exidx_end = .
                0x0000000008008684                . = ALIGN (0x4)

.rel.dyn        0x0000000008008684        0x0
 .rel.iplt      0x0000000008008684        0x0 c:/st/stm32cubeide_1.11.2/stm32cubeide/plugins/com.st.stm32cube.ide.mcu.externaltools.gnu-tools-for-stm32.10.3-2021.10.win32_1.0.100.202210260954/tools/bin/../lib/gcc/arm-none-eabi/10.3.1/thumb/v7e-m+fp/hard/crtbegin.o

.preinit_array  0x0000000008008684        0x0
                0x0000000008008684                . = ALIGN (0x4)
                0x0000000008008684                PROVIDE (__preinit_array_start = .)
 *(.preinit_array*)
                0x0000000008008684                PROVIDE (__preinit_array_end = .)
                0x0000000008008684                . = ALIGN (0x4)

.init_array     0x0000000008008684        0x4
                0x0000000008008684                . = ALIGN (0x4)
                0x0000000008008684                PROVIDE (__init_array_start = .)
 *(SORT_BY_NAME(.init_array.*))
 *(.init_array*)
 .init_array    0x0000000008008684        0x4 c:/st/stm32cubeide_1.11.2/stm32cubeide/plugins/com.st.stm32cube.ide.mcu.externaltools.gnu-tools-for-stm32.10.3-2021.10.win32_1.0.100.202210260954/tools/bin/../lib/gcc/arm-none-eabi/10.3.1/thumb/v7e-m+fp/hard/crtbegin.o
                0x0000000008008688                PROVIDE (__init_array_end = .)
                0x0000000008008688                . = ALIGN (0x4)

.fini_array     0x0000000008008688        0x4
                0x0000000008008688                . = ALIGN (0x4)
                [!provide]                        PROVIDE (__fini_array_start = .)
 *(SORT_BY_NAME(.fini_array.*))
 *(.fini_array*)
 .fini_array    0x0000000008008688        0x4 c:/st/stm32cubeide_1.11.2/stm32cubeide/plugins/com.st.stm32cube.ide.mcu.externaltools.gnu-tools-for-stm32.10.3-2021.10.win32_1.0.100.202210260954/tools/bin/../lib/gcc/arm-none-eabi/10.3.1/thumb/v7e-m+fp/hard/crtbegin.o
                [!provide]                        PROVIDE (__fini_array_end = .)
                0x000000000800868c                . = ALIGN (0x4)
                0x000000000800868c                _sidata = LOADADDR (.data)

.data           0x0000000020000000       0xfc load address 0x000000000800868c
                0x0000000020000000                . = ALIGN (0x4)
                0x0000000020000000                _sdata = .
 *(.data)
 *(.data*)
 .data.SystemCoreClock
                0x0000000020000000        0x4 ./Core/Src/system_stm32f4xx.o
                0x0000000020000000                SystemCoreClock
 .data.uwTickPrio
                0x0000000020000004        0x4 ./Drivers/STM32F4xx_HAL_Driver/Src/stm32f4xx_hal.o
                0x0000000020000004                uwTickPrio
 .data.uwTickFreq
                0x0000000020000008        0x1 ./Drivers/STM32F4xx_HAL_Driver/Src/stm32f4xx_hal.o
                0x0000000020000008                uwTickFreq
 *fill*         0x0000000020000009        0x3 
 .data.USBD_CDC_DeviceQualifierDesc
                0x000000002000000c        0xa ./Middlewares/ST/STM32_USB_Device_Library/Class/CDC/Src/usbd_cdc.o
 *fill*         0x0000000020000016        0x2 
 .data.USBD_CDC
                0x0000000020000018       0x38 ./Middlewares/ST/STM32_USB_Device_Library/Class/CDC/Src/usbd_cdc.o
                0x0000000020000018                USBD_CDC
 .data.USBD_CDC_CfgDesc
                0x0000000020000050       0x43 ./Middlewares/ST/STM32_USB_Device_Library/Class/CDC/Src/usbd_cdc.o
 .data.CDCInEpAdd
                0x0000000020000093        0x1 ./Middlewares/ST/STM32_USB_Device_Library/Class/CDC/Src/usbd_cdc.o
 .data.CDCOutEpAdd
                0x0000000020000094        0x1 ./Middlewares/ST/STM32_USB_Device_Library/Class/CDC/Src/usbd_cdc.o
 .data.CDCCmdEpAdd
                0x0000000020000095        0x1 ./Middlewares/ST/STM32_USB_Device_Library/Class/CDC/Src/usbd_cdc.o
 *fill*         0x0000000020000096        0x2 
 .data.USBD_Interface_fops_FS
                0x0000000020000098       0x14 ./USB_DEVICE/App/usbd_cdc_if.o
                0x0000000020000098                USBD_Interface_fops_FS
 .data.FS_Desc  0x00000000200000ac       0x1c ./USB_DEVICE/App/usbd_desc.o
                0x00000000200000ac                FS_Desc
 .data.USBD_FS_DeviceDesc
                0x00000000200000c8       0x12 ./USB_DEVICE/App/usbd_desc.o
                0x00000000200000c8                USBD_FS_DeviceDesc
 *fill*         0x00000000200000da        0x2 
 .data.USBD_LangIDDesc
                0x00000000200000dc        0x4 ./USB_DEVICE/App/usbd_desc.o
                0x00000000200000dc                USBD_LangIDDesc
 .data.USBD_StringSerial
                0x00000000200000e0       0x1a ./USB_DEVICE/App/usbd_desc.o
                0x00000000200000e0                USBD_StringSerial
 *(.RamFunc)
 *(.RamFunc*)
                0x00000000200000fc                . = ALIGN (0x4)
 *fill*         0x00000000200000fa        0x2 
                0x00000000200000fc                _edata = .
                0x0000000008008788                _siccmram = LOADADDR (.ccmram)

.igot.plt       0x00000000200000fc        0x0 load address 0x0000000008008788
 .igot.plt      0x00000000200000fc        0x0 c:/st/stm32cubeide_1.11.2/stm32cubeide/plugins/com.st.stm32cube.ide.mcu.externaltools.gnu-tools-for-stm32.10.3-2021.10.win32_1.0.100.202210260954/tools/bin/../lib/gcc/arm-none-eabi/10.3.1/thumb/v7e-m+fp/hard/crtbegin.o

.ccmram         0x0000000010000000        0x0 load address 0x0000000008008788
                0x0000000010000000                . = ALIGN (0x4)
                0x0000000010000000                _sccmram = .
 *(.ccmram)
 *(.ccmram*)
                0x0000000010000000                . = ALIGN (0x4)
                0x0000000010000000                _eccmram = .
                0x0000000010000000                . = ALIGN (0x4)

.bss            0x00000000200000fc     0x1d44
                0x00000000200000fc                _sbss = .
                0x00000000200000fc                __bss_start__ = _sbss
 *(.bss)
 .bss           0x00000000200000fc       0x1c c:/st/stm32cubeide_1.11.2/stm32cubeide/plugins/com.st.stm32cube.ide.mcu.externaltools.gnu-tools-for-stm32.10.3-2021.10.win32_1.0.100.202210260954/tools/bin/../lib/gcc/arm-none-eabi/10.3.1/thumb/v7e-m+fp/hard/crtbegin.o
 *(.bss*)
 .bss.hadc1     0x0000000020000118       0x48 ./Core/Src/main.o
                0x0000000020000118                hadc1
 .bss.htim1     0x0000000020000160       0x48 ./Core/Src/main.o
                0x0000000020000160                htim1
 .bss.htim2     0x00000000200001a8       0x48 ./Core/Src/main.o
                0x00000000200001a8                htim2
 .bss.buffer    0x00000000200001f0       0x40 ./Core/Src/main.o
                0x00000000200001f0                buffer
 .bss.uwTick    0x0000000020000230        0x4 ./Drivers/STM32F4xx_HAL_Driver/Src/stm32f4xx_hal.o
                0x0000000020000230                uwTick
 .bss.cfgidx.0  0x0000000020000234        0x1 ./Middlewares/ST/STM32_USB_Device_Library/Core/Src/usbd_ctlreq.o
 *fill*         0x0000000020000235        0x3 
 .bss.hUsbDeviceFS
                0x0000000020000238      0x2dc ./USB_DEVICE/App/usb_device.o
                0x0000000020000238                hUsbDeviceFS
 .bss.UserRxBufferFS
                0x0000000020000514      0x800 ./USB_DEVICE/App/usbd_cdc_if.o
                0x0000000020000514                UserRxBufferFS
 .bss.UserTxBufferFS
                0x0000000020000d14      0x800 ./USB_DEVICE/App/usbd_cdc_if.o
                0x0000000020000d14                UserTxBufferFS
 .bss.USBD_StrDesc
                0x0000000020001514      0x200 ./USB_DEVICE/App/usbd_desc.o
                0x0000000020001514                USBD_StrDesc
 .bss.hpcd_USB_OTG_FS
                0x0000000020001714      0x50c ./USB_DEVICE/Target/usbd_conf.o
                0x0000000020001714                hpcd_USB_OTG_FS
 .bss.mem.0     0x0000000020001c20      0x220 ./USB_DEVICE/Target/usbd_conf.o
 *(COMMON)
                0x0000000020001e40                . = ALIGN (0x4)
                0x0000000020001e40                _ebss = .
                0x0000000020001e40                __bss_end__ = _ebss

._user_heap_stack
                0x0000000020001e40      0x600
                0x0000000020001e40                . = ALIGN (0x8)
                [!provide]                        PROVIDE (end = .)
                0x0000000020001e40                PROVIDE (_end = .)
                0x0000000020002040                . = (. + _Min_Heap_Size)
 *fill*         0x0000000020001e40      0x200 
                0x0000000020002440                . = (. + _Min_Stack_Size)
 *fill*         0x0000000020002040      0x400 
                0x0000000020002440                . = ALIGN (0x8)

/DISCARD/
 libc.a(*)
 libm.a(*)
 libgcc.a(*)

.ARM.attributes
                0x0000000000000000       0x30
 *(.ARM.attributes)
 .ARM.attributes
                0x0000000000000000       0x1e c:/st/stm32cubeide_1.11.2/stm32cubeide/plugins/com.st.stm32cube.ide.mcu.externaltools.gnu-tools-for-stm32.10.3-2021.10.win32_1.0.100.202210260954/tools/bin/../lib/gcc/arm-none-eabi/10.3.1/thumb/v7e-m+fp/hard/crti.o
 .ARM.attributes
                0x000000000000001e       0x34 c:/st/stm32cubeide_1.11.2/stm32cubeide/plugins/com.st.stm32cube.ide.mcu.externaltools.gnu-tools-for-stm32.10.3-2021.10.win32_1.0.100.202210260954/tools/bin/../lib/gcc/arm-none-eabi/10.3.1/thumb/v7e-m+fp/hard/crtbegin.o
 .ARM.attributes
                0x0000000000000052       0x34 ./Core/Src/main.o
 .ARM.attributes
                0x0000000000000086       0x34 ./Core/Src/stm32f4xx_hal_msp.o
 .ARM.attributes
                0x00000000000000ba       0x34 ./Core/Src/stm32f4xx_it.o
 .ARM.attributes
                0x00000000000000ee       0x34 ./Core/Src/system_stm32f4xx.o
 .ARM.attributes
                0x0000000000000122       0x21 ./Core/Startup/startup_stm32f405rgtx.o
 .ARM.attributes
                0x0000000000000143       0x34 ./Drivers/STM32F4xx_HAL_Driver/Src/stm32f4xx_hal.o
 .ARM.attributes
                0x0000000000000177       0x34 ./Drivers/STM32F4xx_HAL_Driver/Src/stm32f4xx_hal_adc.o
 .ARM.attributes
                0x00000000000001ab       0x34 ./Drivers/STM32F4xx_HAL_Driver/Src/stm32f4xx_hal_cortex.o
 .ARM.attributes
                0x00000000000001df       0x34 ./Drivers/STM32F4xx_HAL_Driver/Src/stm32f4xx_hal_gpio.o
 .ARM.attributes
                0x0000000000000213       0x34 ./Drivers/STM32F4xx_HAL_Driver/Src/stm32f4xx_hal_pcd.o
 .ARM.attributes
                0x0000000000000247       0x34 ./Drivers/STM32F4xx_HAL_Driver/Src/stm32f4xx_hal_pcd_ex.o
 .ARM.attributes
                0x000000000000027b       0x34 ./Drivers/STM32F4xx_HAL_Driver/Src/stm32f4xx_hal_rcc.o
 .ARM.attributes
                0x00000000000002af       0x34 ./Drivers/STM32F4xx_HAL_Driver/Src/stm32f4xx_hal_tim.o
 .ARM.attributes
                0x00000000000002e3       0x34 ./Drivers/STM32F4xx_HAL_Driver/Src/stm32f4xx_hal_tim_ex.o
 .ARM.attributes
                0x0000000000000317       0x34 ./Drivers/STM32F4xx_HAL_Driver/Src/stm32f4xx_ll_usb.o
 .ARM.attributes
                0x000000000000034b       0x34 ./Middlewares/ST/STM32_USB_Device_Library/Class/CDC/Src/usbd_cdc.o
 .ARM.attributes
                0x000000000000037f       0x34 ./Middlewares/ST/STM32_USB_Device_Library/Core/Src/usbd_core.o
 .ARM.attributes
                0x00000000000003b3       0x34 ./Middlewares/ST/STM32_USB_Device_Library/Core/Src/usbd_ctlreq.o
 .ARM.attributes
                0x00000000000003e7       0x34 ./Middlewares/ST/STM32_USB_Device_Library/Core/Src/usbd_ioreq.o
 .ARM.attributes
                0x000000000000041b       0x34 ./USB_DEVICE/App/usb_device.o
 .ARM.attributes
                0x000000000000044f       0x34 ./USB_DEVICE/App/usbd_cdc_if.o
 .ARM.attributes
                0x0000000000000483       0x34 ./USB_DEVICE/App/usbd_desc.o
 .ARM.attributes
                0x00000000000004b7       0x34 ./USB_DEVICE/Target/usbd_conf.o
 .ARM.attributes
                0x00000000000004eb       0x34 c:/st/stm32cubeide_1.11.2/stm32cubeide/plugins/com.st.stm32cube.ide.mcu.externaltools.gnu-tools-for-stm32.10.3-2021.10.win32_1.0.100.202210260954/tools/bin/../lib/gcc/arm-none-eabi/10.3.1/../../../../arm-none-eabi/lib/thumb/v7e-m+fp/hard\libc_nano.a(lib_a-init.o)
 .ARM.attributes
                0x000000000000051f       0x34 c:/st/stm32cubeide_1.11.2/stm32cubeide/plugins/com.st.stm32cube.ide.mcu.externaltools.gnu-tools-for-stm32.10.3-2021.10.win32_1.0.100.202210260954/tools/bin/../lib/gcc/arm-none-eabi/10.3.1/../../../../arm-none-eabi/lib/thumb/v7e-m+fp/hard\libc_nano.a(lib_a-memcpy-stub.o)
 .ARM.attributes
                0x0000000000000553       0x34 c:/st/stm32cubeide_1.11.2/stm32cubeide/plugins/com.st.stm32cube.ide.mcu.externaltools.gnu-tools-for-stm32.10.3-2021.10.win32_1.0.100.202210260954/tools/bin/../lib/gcc/arm-none-eabi/10.3.1/../../../../arm-none-eabi/lib/thumb/v7e-m+fp/hard\libc_nano.a(lib_a-memset.o)
 .ARM.attributes
                0x0000000000000587       0x1e c:/st/stm32cubeide_1.11.2/stm32cubeide/plugins/com.st.stm32cube.ide.mcu.externaltools.gnu-tools-for-stm32.10.3-2021.10.win32_1.0.100.202210260954/tools/bin/../lib/gcc/arm-none-eabi/10.3.1/thumb/v7e-m+fp/hard\libgcc.a(_aeabi_uldivmod.o)
 .ARM.attributes
                0x00000000000005a5       0x34 c:/st/stm32cubeide_1.11.2/stm32cubeide/plugins/com.st.stm32cube.ide.mcu.externaltools.gnu-tools-for-stm32.10.3-2021.10.win32_1.0.100.202210260954/tools/bin/../lib/gcc/arm-none-eabi/10.3.1/thumb/v7e-m+fp/hard\libgcc.a(_udivmoddi4.o)
 .ARM.attributes
                0x00000000000005d9       0x1e c:/st/stm32cubeide_1.11.2/stm32cubeide/plugins/com.st.stm32cube.ide.mcu.externaltools.gnu-tools-for-stm32.10.3-2021.10.win32_1.0.100.202210260954/tools/bin/../lib/gcc/arm-none-eabi/10.3.1/thumb/v7e-m+fp/hard\libgcc.a(_dvmd_tls.o)
 .ARM.attributes
                0x00000000000005f7       0x1e c:/st/stm32cubeide_1.11.2/stm32cubeide/plugins/com.st.stm32cube.ide.mcu.externaltools.gnu-tools-for-stm32.10.3-2021.10.win32_1.0.100.202210260954/tools/bin/../lib/gcc/arm-none-eabi/10.3.1/thumb/v7e-m+fp/hard/crtn.o
OUTPUT(2_3_23_VESC_Board_Test_Code.elf elf32-littlearm)
LOAD linker stubs
LOAD c:/st/stm32cubeide_1.11.2/stm32cubeide/plugins/com.st.stm32cube.ide.mcu.externaltools.gnu-tools-for-stm32.10.3-2021.10.win32_1.0.100.202210260954/tools/bin/../lib/gcc/arm-none-eabi/10.3.1/../../../../arm-none-eabi/lib/thumb/v7e-m+fp/hard\libc.a
LOAD c:/st/stm32cubeide_1.11.2/stm32cubeide/plugins/com.st.stm32cube.ide.mcu.externaltools.gnu-tools-for-stm32.10.3-2021.10.win32_1.0.100.202210260954/tools/bin/../lib/gcc/arm-none-eabi/10.3.1/../../../../arm-none-eabi/lib/thumb/v7e-m+fp/hard\libm.a
LOAD c:/st/stm32cubeide_1.11.2/stm32cubeide/plugins/com.st.stm32cube.ide.mcu.externaltools.gnu-tools-for-stm32.10.3-2021.10.win32_1.0.100.202210260954/tools/bin/../lib/gcc/arm-none-eabi/10.3.1/thumb/v7e-m+fp/hard\libgcc.a

.debug_info     0x0000000000000000    0x14e6a
 .debug_info    0x0000000000000000     0x1520 ./Core/Src/main.o
 .debug_info    0x0000000000001520     0x1029 ./Core/Src/stm32f4xx_hal_msp.o
 .debug_info    0x0000000000002549      0xc1f ./Core/Src/stm32f4xx_it.o
 .debug_info    0x0000000000003168      0x523 ./Core/Src/system_stm32f4xx.o
 .debug_info    0x000000000000368b       0x22 ./Core/Startup/startup_stm32f405rgtx.o
 .debug_info    0x00000000000036ad      0x96a ./Drivers/STM32F4xx_HAL_Driver/Src/stm32f4xx_hal.o
 .debug_info    0x0000000000004017      0xd70 ./Drivers/STM32F4xx_HAL_Driver/Src/stm32f4xx_hal_adc.o
 .debug_info    0x0000000000004d87      0xe09 ./Drivers/STM32F4xx_HAL_Driver/Src/stm32f4xx_hal_cortex.o
 .debug_info    0x0000000000005b90      0x76a ./Drivers/STM32F4xx_HAL_Driver/Src/stm32f4xx_hal_gpio.o
 .debug_info    0x00000000000062fa     0x1695 ./Drivers/STM32F4xx_HAL_Driver/Src/stm32f4xx_hal_pcd.o
 .debug_info    0x000000000000798f      0x717 ./Drivers/STM32F4xx_HAL_Driver/Src/stm32f4xx_hal_pcd_ex.o
 .debug_info    0x00000000000080a6      0x966 ./Drivers/STM32F4xx_HAL_Driver/Src/stm32f4xx_hal_rcc.o
 .debug_info    0x0000000000008a0c     0x2bbe ./Drivers/STM32F4xx_HAL_Driver/Src/stm32f4xx_hal_tim.o
 .debug_info    0x000000000000b5ca     0x15e0 ./Drivers/STM32F4xx_HAL_Driver/Src/stm32f4xx_hal_tim_ex.o
 .debug_info    0x000000000000cbaa     0x1a97 ./Drivers/STM32F4xx_HAL_Driver/Src/stm32f4xx_ll_usb.o
 .debug_info    0x000000000000e641     0x130c ./Middlewares/ST/STM32_USB_Device_Library/Class/CDC/Src/usbd_cdc.o
 .debug_info    0x000000000000f94d      0xee7 ./Middlewares/ST/STM32_USB_Device_Library/Core/Src/usbd_core.o
 .debug_info    0x0000000000010834      0xb7f ./Middlewares/ST/STM32_USB_Device_Library/Core/Src/usbd_ctlreq.o
 .debug_info    0x00000000000113b3      0x7da ./Middlewares/ST/STM32_USB_Device_Library/Core/Src/usbd_ioreq.o
 .debug_info    0x0000000000011b8d      0x76a ./USB_DEVICE/App/usb_device.o
 .debug_info    0x00000000000122f7      0x9ce ./USB_DEVICE/App/usbd_cdc_if.o
 .debug_info    0x0000000000012cc5      0x498 ./USB_DEVICE/App/usbd_desc.o
 .debug_info    0x000000000001315d     0x1d0d ./USB_DEVICE/Target/usbd_conf.o

.debug_abbrev   0x0000000000000000     0x31b1
 .debug_abbrev  0x0000000000000000      0x2fd ./Core/Src/main.o
 .debug_abbrev  0x00000000000002fd      0x1c5 ./Core/Src/stm32f4xx_hal_msp.o
 .debug_abbrev  0x00000000000004c2      0x1d5 ./Core/Src/stm32f4xx_it.o
 .debug_abbrev  0x0000000000000697      0x116 ./Core/Src/system_stm32f4xx.o
 .debug_abbrev  0x00000000000007ad       0x12 ./Core/Startup/startup_stm32f405rgtx.o
 .debug_abbrev  0x00000000000007bf      0x20d ./Drivers/STM32F4xx_HAL_Driver/Src/stm32f4xx_hal.o
 .debug_abbrev  0x00000000000009cc      0x244 ./Drivers/STM32F4xx_HAL_Driver/Src/stm32f4xx_hal_adc.o
 .debug_abbrev  0x0000000000000c10      0x316 ./Drivers/STM32F4xx_HAL_Driver/Src/stm32f4xx_hal_cortex.o
 .debug_abbrev  0x0000000000000f26      0x1c4 ./Drivers/STM32F4xx_HAL_Driver/Src/stm32f4xx_hal_gpio.o
 .debug_abbrev  0x00000000000010ea      0x2bb ./Drivers/STM32F4xx_HAL_Driver/Src/stm32f4xx_hal_pcd.o
 .debug_abbrev  0x00000000000013a5      0x1ce ./Drivers/STM32F4xx_HAL_Driver/Src/stm32f4xx_hal_pcd_ex.o
 .debug_abbrev  0x0000000000001573      0x2aa ./Drivers/STM32F4xx_HAL_Driver/Src/stm32f4xx_hal_rcc.o
 .debug_abbrev  0x000000000000181d      0x25d ./Drivers/STM32F4xx_HAL_Driver/Src/stm32f4xx_hal_tim.o
 .debug_abbrev  0x0000000000001a7a      0x265 ./Drivers/STM32F4xx_HAL_Driver/Src/stm32f4xx_hal_tim_ex.o
 .debug_abbrev  0x0000000000001cdf      0x296 ./Drivers/STM32F4xx_HAL_Driver/Src/stm32f4xx_ll_usb.o
 .debug_abbrev  0x0000000000001f75      0x2be ./Middlewares/ST/STM32_USB_Device_Library/Class/CDC/Src/usbd_cdc.o
 .debug_abbrev  0x0000000000002233      0x263 ./Middlewares/ST/STM32_USB_Device_Library/Core/Src/usbd_core.o
 .debug_abbrev  0x0000000000002496      0x25c ./Middlewares/ST/STM32_USB_Device_Library/Core/Src/usbd_ctlreq.o
 .debug_abbrev  0x00000000000026f2      0x18a ./Middlewares/ST/STM32_USB_Device_Library/Core/Src/usbd_ioreq.o
 .debug_abbrev  0x000000000000287c      0x18a ./USB_DEVICE/App/usb_device.o
 .debug_abbrev  0x0000000000002a06      0x2a6 ./USB_DEVICE/App/usbd_cdc_if.o
 .debug_abbrev  0x0000000000002cac      0x1da ./USB_DEVICE/App/usbd_desc.o
 .debug_abbrev  0x0000000000002e86      0x32b ./USB_DEVICE/Target/usbd_conf.o

.debug_aranges  0x0000000000000000     0x11d8
 .debug_aranges
                0x0000000000000000       0x88 ./Core/Src/main.o
 .debug_aranges
                0x0000000000000088       0x48 ./Core/Src/stm32f4xx_hal_msp.o
 .debug_aranges
                0x00000000000000d0       0x70 ./Core/Src/stm32f4xx_it.o
 .debug_aranges
                0x0000000000000140       0x28 ./Core/Src/system_stm32f4xx.o
 .debug_aranges
                0x0000000000000168       0x28 ./Core/Startup/startup_stm32f405rgtx.o
 .debug_aranges
                0x0000000000000190       0xf0 ./Drivers/STM32F4xx_HAL_Driver/Src/stm32f4xx_hal.o
 .debug_aranges
                0x0000000000000280       0xe8 ./Drivers/STM32F4xx_HAL_Driver/Src/stm32f4xx_hal_adc.o
 .debug_aranges
                0x0000000000000368      0x118 ./Drivers/STM32F4xx_HAL_Driver/Src/stm32f4xx_hal_cortex.o
 .debug_aranges
                0x0000000000000480       0x58 ./Drivers/STM32F4xx_HAL_Driver/Src/stm32f4xx_hal_gpio.o
 .debug_aranges
                0x00000000000004d8      0x148 ./Drivers/STM32F4xx_HAL_Driver/Src/stm32f4xx_hal_pcd.o
 .debug_aranges
                0x0000000000000620       0x38 ./Drivers/STM32F4xx_HAL_Driver/Src/stm32f4xx_hal_pcd_ex.o
 .debug_aranges
                0x0000000000000658       0x88 ./Drivers/STM32F4xx_HAL_Driver/Src/stm32f4xx_hal_rcc.o
 .debug_aranges
                0x00000000000006e0      0x3d0 ./Drivers/STM32F4xx_HAL_Driver/Src/stm32f4xx_hal_tim.o
 .debug_aranges
                0x0000000000000ab0      0x168 ./Drivers/STM32F4xx_HAL_Driver/Src/stm32f4xx_hal_tim_ex.o
 .debug_aranges
                0x0000000000000c18      0x1a0 ./Drivers/STM32F4xx_HAL_Driver/Src/stm32f4xx_ll_usb.o
 .debug_aranges
                0x0000000000000db8       0x90 ./Middlewares/ST/STM32_USB_Device_Library/Class/CDC/Src/usbd_cdc.o
 .debug_aranges
                0x0000000000000e48       0xd8 ./Middlewares/ST/STM32_USB_Device_Library/Core/Src/usbd_core.o
 .debug_aranges
                0x0000000000000f20       0x90 ./Middlewares/ST/STM32_USB_Device_Library/Core/Src/usbd_ctlreq.o
 .debug_aranges
                0x0000000000000fb0       0x50 ./Middlewares/ST/STM32_USB_Device_Library/Core/Src/usbd_ioreq.o
 .debug_aranges
                0x0000000000001000       0x20 ./USB_DEVICE/App/usb_device.o
 .debug_aranges
                0x0000000000001020       0x48 ./USB_DEVICE/App/usbd_cdc_if.o
 .debug_aranges
                0x0000000000001068       0x60 ./USB_DEVICE/App/usbd_desc.o
 .debug_aranges
                0x00000000000010c8      0x110 ./USB_DEVICE/Target/usbd_conf.o

.debug_ranges   0x0000000000000000     0x1070
 .debug_ranges  0x0000000000000000       0x78 ./Core/Src/main.o
 .debug_ranges  0x0000000000000078       0x38 ./Core/Src/stm32f4xx_hal_msp.o
 .debug_ranges  0x00000000000000b0       0x60 ./Core/Src/stm32f4xx_it.o
 .debug_ranges  0x0000000000000110       0x18 ./Core/Src/system_stm32f4xx.o
 .debug_ranges  0x0000000000000128       0x20 ./Core/Startup/startup_stm32f405rgtx.o
 .debug_ranges  0x0000000000000148       0xe0 ./Drivers/STM32F4xx_HAL_Driver/Src/stm32f4xx_hal.o
 .debug_ranges  0x0000000000000228       0xd8 ./Drivers/STM32F4xx_HAL_Driver/Src/stm32f4xx_hal_adc.o
 .debug_ranges  0x0000000000000300      0x108 ./Drivers/STM32F4xx_HAL_Driver/Src/stm32f4xx_hal_cortex.o
 .debug_ranges  0x0000000000000408       0x48 ./Drivers/STM32F4xx_HAL_Driver/Src/stm32f4xx_hal_gpio.o
 .debug_ranges  0x0000000000000450      0x138 ./Drivers/STM32F4xx_HAL_Driver/Src/stm32f4xx_hal_pcd.o
 .debug_ranges  0x0000000000000588       0x28 ./Drivers/STM32F4xx_HAL_Driver/Src/stm32f4xx_hal_pcd_ex.o
 .debug_ranges  0x00000000000005b0       0x78 ./Drivers/STM32F4xx_HAL_Driver/Src/stm32f4xx_hal_rcc.o
 .debug_ranges  0x0000000000000628      0x3c0 ./Drivers/STM32F4xx_HAL_Driver/Src/stm32f4xx_hal_tim.o
 .debug_ranges  0x00000000000009e8      0x158 ./Drivers/STM32F4xx_HAL_Driver/Src/stm32f4xx_hal_tim_ex.o
 .debug_ranges  0x0000000000000b40      0x190 ./Drivers/STM32F4xx_HAL_Driver/Src/stm32f4xx_ll_usb.o
 .debug_ranges  0x0000000000000cd0       0x80 ./Middlewares/ST/STM32_USB_Device_Library/Class/CDC/Src/usbd_cdc.o
 .debug_ranges  0x0000000000000d50       0xc8 ./Middlewares/ST/STM32_USB_Device_Library/Core/Src/usbd_core.o
 .debug_ranges  0x0000000000000e18       0x80 ./Middlewares/ST/STM32_USB_Device_Library/Core/Src/usbd_ctlreq.o
 .debug_ranges  0x0000000000000e98       0x40 ./Middlewares/ST/STM32_USB_Device_Library/Core/Src/usbd_ioreq.o
 .debug_ranges  0x0000000000000ed8       0x10 ./USB_DEVICE/App/usb_device.o
 .debug_ranges  0x0000000000000ee8       0x38 ./USB_DEVICE/App/usbd_cdc_if.o
 .debug_ranges  0x0000000000000f20       0x50 ./USB_DEVICE/App/usbd_desc.o
 .debug_ranges  0x0000000000000f70      0x100 ./USB_DEVICE/Target/usbd_conf.o

.debug_macro    0x0000000000000000    0x23599
 .debug_macro   0x0000000000000000      0x454 ./Core/Src/main.o
 .debug_macro   0x0000000000000454      0xa78 ./Core/Src/main.o
 .debug_macro   0x0000000000000ecc      0x2a1 ./Core/Src/main.o
 .debug_macro   0x000000000000116d       0x2e ./Core/Src/main.o
 .debug_macro   0x000000000000119b       0x2f ./Core/Src/main.o
 .debug_macro   0x00000000000011ca       0x22 ./Core/Src/main.o
 .debug_macro   0x00000000000011ec       0x8e ./Core/Src/main.o
 .debug_macro   0x000000000000127a       0x51 ./Core/Src/main.o
 .debug_macro   0x00000000000012cb      0x103 ./Core/Src/main.o
 .debug_macro   0x00000000000013ce       0x6a ./Core/Src/main.o
 .debug_macro   0x0000000000001438      0x1df ./Core/Src/main.o
 .debug_macro   0x0000000000001617       0x1c ./Core/Src/main.o
 .debug_macro   0x0000000000001633       0x22 ./Core/Src/main.o
 .debug_macro   0x0000000000001655       0xd9 ./Core/Src/main.o
 .debug_macro   0x000000000000172e     0x102d ./Core/Src/main.o
 .debug_macro   0x000000000000275b      0x11f ./Core/Src/main.o
 .debug_macro   0x000000000000287a    0x1426d ./Core/Src/main.o
 .debug_macro   0x0000000000016ae7       0x6d ./Core/Src/main.o
 .debug_macro   0x0000000000016b54     0x367e ./Core/Src/main.o
 .debug_macro   0x000000000001a1d2      0x174 ./Core/Src/main.o
 .debug_macro   0x000000000001a346       0x5c ./Core/Src/main.o
 .debug_macro   0x000000000001a3a2      0x8a7 ./Core/Src/main.o
 .debug_macro   0x000000000001ac49      0x9fe ./Core/Src/main.o
 .debug_macro   0x000000000001b647      0x115 ./Core/Src/main.o
 .debug_macro   0x000000000001b75c      0x130 ./Core/Src/main.o
 .debug_macro   0x000000000001b88c       0xa5 ./Core/Src/main.o
 .debug_macro   0x000000000001b931      0x174 ./Core/Src/main.o
 .debug_macro   0x000000000001baa5      0x287 ./Core/Src/main.o
 .debug_macro   0x000000000001bd2c       0x5f ./Core/Src/main.o
 .debug_macro   0x000000000001bd8b      0x236 ./Core/Src/main.o
 .debug_macro   0x000000000001bfc1      0xb5b ./Core/Src/main.o
 .debug_macro   0x000000000001cb1c      0x38b ./Core/Src/main.o
 .debug_macro   0x000000000001cea7      0x176 ./Core/Src/main.o
 .debug_macro   0x000000000001d01d       0xf9 ./Core/Src/main.o
 .debug_macro   0x000000000001d116      0x12c ./Core/Src/main.o
 .debug_macro   0x000000000001d242      0x21e ./Core/Src/main.o
 .debug_macro   0x000000000001d460       0x2e ./Core/Src/main.o
 .debug_macro   0x000000000001d48e      0x11a ./Core/Src/main.o
 .debug_macro   0x000000000001d5a8       0x7e ./Core/Src/main.o
 .debug_macro   0x000000000001d626       0x89 ./Core/Src/main.o
 .debug_macro   0x000000000001d6af      0x8e6 ./Core/Src/main.o
 .debug_macro   0x000000000001df95       0x47 ./Core/Src/main.o
 .debug_macro   0x000000000001dfdc      0x248 ./Core/Src/main.o
 .debug_macro   0x000000000001e224       0xba ./Core/Src/main.o
 .debug_macro   0x000000000001e2de      0x12d ./Core/Src/main.o
 .debug_macro   0x000000000001e40b       0xc4 ./Core/Src/main.o
 .debug_macro   0x000000000001e4cf       0x52 ./Core/Src/main.o
 .debug_macro   0x000000000001e521       0x1e ./Core/Src/main.o
 .debug_macro   0x000000000001e53f       0x3c ./Core/Src/main.o
 .debug_macro   0x000000000001e57b       0x34 ./Core/Src/main.o
 .debug_macro   0x000000000001e5af       0x16 ./Core/Src/main.o
 .debug_macro   0x000000000001e5c5       0x35 ./Core/Src/main.o
 .debug_macro   0x000000000001e5fa      0x341 ./Core/Src/main.o
 .debug_macro   0x000000000001e93b       0x10 ./Core/Src/main.o
 .debug_macro   0x000000000001e94b       0x16 ./Core/Src/main.o
 .debug_macro   0x000000000001e961       0x43 ./Core/Src/main.o
 .debug_macro   0x000000000001e9a4       0x34 ./Core/Src/main.o
 .debug_macro   0x000000000001e9d8       0x10 ./Core/Src/main.o
 .debug_macro   0x000000000001e9e8       0x58 ./Core/Src/main.o
 .debug_macro   0x000000000001ea40       0x71 ./Core/Src/main.o
 .debug_macro   0x000000000001eab1       0x1c ./Core/Src/main.o
 .debug_macro   0x000000000001eacd      0x12a ./Core/Src/main.o
 .debug_macro   0x000000000001ebf7       0x10 ./Core/Src/main.o
 .debug_macro   0x000000000001ec07       0x1c ./Core/Src/main.o
 .debug_macro   0x000000000001ec23       0x52 ./Core/Src/main.o
 .debug_macro   0x000000000001ec75       0x22 ./Core/Src/main.o
 .debug_macro   0x000000000001ec97       0x10 ./Core/Src/main.o
 .debug_macro   0x000000000001eca7       0x52 ./Core/Src/main.o
 .debug_macro   0x000000000001ecf9       0xd5 ./Core/Src/main.o
 .debug_macro   0x000000000001edce       0x1c ./Core/Src/main.o
 .debug_macro   0x000000000001edea       0x3d ./Core/Src/main.o
 .debug_macro   0x000000000001ee27       0x16 ./Core/Src/main.o
 .debug_macro   0x000000000001ee3d      0x145 ./Core/Src/main.o
 .debug_macro   0x000000000001ef82       0x16 ./Core/Src/main.o
 .debug_macro   0x000000000001ef98       0x16 ./Core/Src/main.o
 .debug_macro   0x000000000001efae       0x29 ./Core/Src/main.o
 .debug_macro   0x000000000001efd7       0x16 ./Core/Src/main.o
 .debug_macro   0x000000000001efed       0x20 ./Core/Src/main.o
 .debug_macro   0x000000000001f00d       0x65 ./Core/Src/main.o
 .debug_macro   0x000000000001f072      0x20f ./Core/Src/main.o
 .debug_macro   0x000000000001f281       0x95 ./Core/Src/main.o
 .debug_macro   0x000000000001f316       0x10 ./Core/Src/main.o
 .debug_macro   0x000000000001f326      0x21f ./Core/Src/stm32f4xx_hal_msp.o
 .debug_macro   0x000000000001f545      0x229 ./Core/Src/stm32f4xx_it.o
 .debug_macro   0x000000000001f76e      0x210 ./Core/Src/system_stm32f4xx.o
 .debug_macro   0x000000000001f97e      0x270 ./Drivers/STM32F4xx_HAL_Driver/Src/stm32f4xx_hal.o
 .debug_macro   0x000000000001fbee      0x211 ./Drivers/STM32F4xx_HAL_Driver/Src/stm32f4xx_hal_adc.o
 .debug_macro   0x000000000001fdff      0x210 ./Drivers/STM32F4xx_HAL_Driver/Src/stm32f4xx_hal_cortex.o
 .debug_macro   0x000000000002000f      0x216 ./Drivers/STM32F4xx_HAL_Driver/Src/stm32f4xx_hal_gpio.o
 .debug_macro   0x0000000000020225      0x21c ./Drivers/STM32F4xx_HAL_Driver/Src/stm32f4xx_hal_pcd.o
 .debug_macro   0x0000000000020441      0x210 ./Drivers/STM32F4xx_HAL_Driver/Src/stm32f4xx_hal_pcd_ex.o
 .debug_macro   0x0000000000020651      0x234 ./Drivers/STM32F4xx_HAL_Driver/Src/stm32f4xx_hal_rcc.o
 .debug_macro   0x0000000000020885      0x211 ./Drivers/STM32F4xx_HAL_Driver/Src/stm32f4xx_hal_tim.o
 .debug_macro   0x0000000000020a96      0x210 ./Drivers/STM32F4xx_HAL_Driver/Src/stm32f4xx_hal_tim_ex.o
 .debug_macro   0x0000000000020ca6      0x210 ./Drivers/STM32F4xx_HAL_Driver/Src/stm32f4xx_ll_usb.o
 .debug_macro   0x0000000000020eb6      0x435 ./Middlewares/ST/STM32_USB_Device_Library/Class/CDC/Src/usbd_cdc.o
 .debug_macro   0x00000000000212eb       0x97 ./Middlewares/ST/STM32_USB_Device_Library/Class/CDC/Src/usbd_cdc.o
 .debug_macro   0x0000000000021382       0xfd ./Middlewares/ST/STM32_USB_Device_Library/Class/CDC/Src/usbd_cdc.o
 .debug_macro   0x000000000002147f       0x56 ./Middlewares/ST/STM32_USB_Device_Library/Class/CDC/Src/usbd_cdc.o
 .debug_macro   0x00000000000214d5      0x41c ./Middlewares/ST/STM32_USB_Device_Library/Core/Src/usbd_core.o
 .debug_macro   0x00000000000218f1      0x215 ./Middlewares/ST/STM32_USB_Device_Library/Core/Src/usbd_core.o
 .debug_macro   0x0000000000021b06      0x426 ./Middlewares/ST/STM32_USB_Device_Library/Core/Src/usbd_ctlreq.o
 .debug_macro   0x0000000000021f2c      0x422 ./Middlewares/ST/STM32_USB_Device_Library/Core/Src/usbd_ioreq.o
 .debug_macro   0x000000000002234e      0x455 ./USB_DEVICE/App/usb_device.o
 .debug_macro   0x00000000000227a3       0xca ./USB_DEVICE/App/usb_device.o
 .debug_macro   0x000000000002286d       0x22 ./USB_DEVICE/App/usb_device.o
 .debug_macro   0x000000000002288f       0x16 ./USB_DEVICE/App/usb_device.o
 .debug_macro   0x00000000000228a5      0x440 ./USB_DEVICE/App/usbd_cdc_if.o
 .debug_macro   0x0000000000022ce5      0x45f ./USB_DEVICE/App/usbd_desc.o
 .debug_macro   0x0000000000023144       0x1c ./USB_DEVICE/App/usbd_desc.o
 .debug_macro   0x0000000000023160      0x439 ./USB_DEVICE/Target/usbd_conf.o

.debug_line     0x0000000000000000    0x15d69
 .debug_line    0x0000000000000000      0xe2d ./Core/Src/main.o
 .debug_line    0x0000000000000e2d      0x822 ./Core/Src/stm32f4xx_hal_msp.o
 .debug_line    0x000000000000164f      0x82c ./Core/Src/stm32f4xx_it.o
 .debug_line    0x0000000000001e7b      0x7bb ./Core/Src/system_stm32f4xx.o
 .debug_line    0x0000000000002636       0x88 ./Core/Startup/startup_stm32f405rgtx.o
 .debug_line    0x00000000000026be      0xa21 ./Drivers/STM32F4xx_HAL_Driver/Src/stm32f4xx_hal.o
 .debug_line    0x00000000000030df     0x1297 ./Drivers/STM32F4xx_HAL_Driver/Src/stm32f4xx_hal_adc.o
 .debug_line    0x0000000000004376      0xcd0 ./Drivers/STM32F4xx_HAL_Driver/Src/stm32f4xx_hal_cortex.o
 .debug_line    0x0000000000005046      0xb95 ./Drivers/STM32F4xx_HAL_Driver/Src/stm32f4xx_hal_gpio.o
 .debug_line    0x0000000000005bdb     0x14c4 ./Drivers/STM32F4xx_HAL_Driver/Src/stm32f4xx_hal_pcd.o
 .debug_line    0x000000000000709f      0x804 ./Drivers/STM32F4xx_HAL_Driver/Src/stm32f4xx_hal_pcd_ex.o
 .debug_line    0x00000000000078a3      0xd9b ./Drivers/STM32F4xx_HAL_Driver/Src/stm32f4xx_hal_rcc.o
 .debug_line    0x000000000000863e     0x3715 ./Drivers/STM32F4xx_HAL_Driver/Src/stm32f4xx_hal_tim.o
 .debug_line    0x000000000000bd53     0x1a1e ./Drivers/STM32F4xx_HAL_Driver/Src/stm32f4xx_hal_tim_ex.o
 .debug_line    0x000000000000d771     0x1ade ./Drivers/STM32F4xx_HAL_Driver/Src/stm32f4xx_ll_usb.o
 .debug_line    0x000000000000f24f      0xf4e ./Middlewares/ST/STM32_USB_Device_Library/Class/CDC/Src/usbd_cdc.o
 .debug_line    0x000000000001019d      0xfc8 ./Middlewares/ST/STM32_USB_Device_Library/Core/Src/usbd_core.o
 .debug_line    0x0000000000011165     0x1199 ./Middlewares/ST/STM32_USB_Device_Library/Core/Src/usbd_ctlreq.o
 .debug_line    0x00000000000122fe      0xae0 ./Middlewares/ST/STM32_USB_Device_Library/Core/Src/usbd_ioreq.o
 .debug_line    0x0000000000012dde      0xa9c ./USB_DEVICE/App/usb_device.o
 .debug_line    0x000000000001387a      0xb08 ./USB_DEVICE/App/usbd_cdc_if.o
 .debug_line    0x0000000000014382      0xb65 ./USB_DEVICE/App/usbd_desc.o
 .debug_line    0x0000000000014ee7      0xe82 ./USB_DEVICE/Target/usbd_conf.o

.debug_str      0x0000000000000000    0xce610
 .debug_str     0x0000000000000000    0xc9d1a ./Core/Src/main.o
                                      0xca119 (size before relaxing)
 .debug_str     0x00000000000c9d1a      0x594 ./Core/Src/stm32f4xx_hal_msp.o
                                      0xc546e (size before relaxing)
 .debug_str     0x00000000000ca2ae      0x466 ./Core/Src/stm32f4xx_it.o
                                      0xc502d (size before relaxing)
 .debug_str     0x00000000000ca714       0xdb ./Core/Src/system_stm32f4xx.o
                                      0xc4584 (size before relaxing)
 .debug_str     0x00000000000ca7ef       0x36 ./Core/Startup/startup_stm32f405rgtx.o
                                         0x85 (size before relaxing)
 .debug_str     0x00000000000ca825      0x60d ./Drivers/STM32F4xx_HAL_Driver/Src/stm32f4xx_hal.o
                                      0xc50e7 (size before relaxing)
 .debug_str     0x00000000000cae32      0x2cd ./Drivers/STM32F4xx_HAL_Driver/Src/stm32f4xx_hal_adc.o
                                      0xc4b71 (size before relaxing)
 .debug_str     0x00000000000cb0ff      0x326 ./Drivers/STM32F4xx_HAL_Driver/Src/stm32f4xx_hal_cortex.o
                                      0xc4e1a (size before relaxing)
 .debug_str     0x00000000000cb425      0x10e ./Drivers/STM32F4xx_HAL_Driver/Src/stm32f4xx_hal_gpio.o
                                      0xc46ff (size before relaxing)
 .debug_str     0x00000000000cb533      0x832 ./Drivers/STM32F4xx_HAL_Driver/Src/stm32f4xx_hal_pcd.o
                                      0xc5046 (size before relaxing)
 .debug_str     0x00000000000cbd65      0x115 ./Drivers/STM32F4xx_HAL_Driver/Src/stm32f4xx_hal_pcd_ex.o
                                      0xc4935 (size before relaxing)
 .debug_str     0x00000000000cbe7a      0x21f ./Drivers/STM32F4xx_HAL_Driver/Src/stm32f4xx_hal_rcc.o
                                      0xc49b8 (size before relaxing)
 .debug_str     0x00000000000cc099      0xd4d ./Drivers/STM32F4xx_HAL_Driver/Src/stm32f4xx_hal_tim.o
                                      0xc58fe (size before relaxing)
 .debug_str     0x00000000000ccde6      0x3cc ./Drivers/STM32F4xx_HAL_Driver/Src/stm32f4xx_hal_tim_ex.o
                                      0xc511a (size before relaxing)
 .debug_str     0x00000000000cd1b2      0x44d ./Drivers/STM32F4xx_HAL_Driver/Src/stm32f4xx_ll_usb.o
                                      0xc4eae (size before relaxing)
 .debug_str     0x00000000000cd5ff      0x6fe ./Middlewares/ST/STM32_USB_Device_Library/Class/CDC/Src/usbd_cdc.o
                                      0xc9e54 (size before relaxing)
 .debug_str     0x00000000000cdcfd      0x35c ./Middlewares/ST/STM32_USB_Device_Library/Core/Src/usbd_core.o
                                      0xc97ca (size before relaxing)