../Core/Src/main.c:88:6:ledBlink	16	static
../Core/Src/main.c:98:6:USBTest	16	static
../Core/Src/main.c:104:6:DRV8301_Enable	8	static
../Core/Src/main.c:108:6:DRV8301_Disable	8	static
../Core/Src/main.c:112:6:DRV8301_NormalPWM	8	static
../Core/Src/main.c:127:6:delay_us	16	static
../Core/Src/main.c:132:6:DRV8301_CommutationPWM	8	static
../Core/Src/main.c:154:6:VSENS_1	8	static
../Core/Src/main.c:165:6:VSENS_2	8	static
../Core/Src/main.c:174:6:VSENS_3	8	static
../Core/Src/main.c:183:6:TEMP_NTC	8	static
../Core/Src/main.c:192:6:ADC_EXT1	8	static
../Core/Src/main.c:201:6:ADC_EXT2	8	static
../Core/Src/main.c:210:6:CURREN_1	8	static
../Core/Src/main.c:219:6:CURREN_2	8	static
../Core/Src/main.c:228:6:CURREN_3	8	static
../Core/Src/main.c:237:6:TEMP_MOTOR	8	static
../Core/Src/main.c:246:6:CAAF	8	static
../Core/Src/main.c:359:6:IFunction	8	static
../Core/Src/main.c:396:5:main	8	static
../Core/Src/main.c:443:6:SystemClock_Config	88	static
../Core/Src/main.c:490:13:MX_ADC1_Init	24	static
../Core/Src/main.c:623:13:MX_TIM1_Init	96	static
../Core/Src/main.c:706:13:MX_TIM2_Init	32	static
../Core/Src/main.c:751:13:MX_GPIO_Init	48	static
../Core/Src/main.c:787:6:Error_Handler	4	static,ignoring_inline_asm
