../Core/Src/main.c:87:6:ledBlink	8	static
../Core/Src/main.c:93:6:USBTest	16	static
../Core/Src/main.c:99:6:DRV8301_Enable	8	static
../Core/Src/main.c:103:6:DRV8301_Disable	8	static
../Core/Src/main.c:107:6:DRV8301_NormalPWM	8	static
../Core/Src/main.c:122:6:delay_us	16	static
../Core/Src/main.c:127:6:DRV8301_CommutationPWM	8	static
../Core/Src/main.c:149:6:VSENS_1	8	static
../Core/Src/main.c:160:6:VSENS_2	8	static
../Core/Src/main.c:169:6:VSENS_3	8	static
../Core/Src/main.c:178:6:TEMP_NTC	8	static
../Core/Src/main.c:187:6:ADC_EXT1	8	static
../Core/Src/main.c:196:6:ADC_EXT2	8	static
../Core/Src/main.c:205:6:CURREN_1	8	static
../Core/Src/main.c:214:6:CURREN_2	8	static
../Core/Src/main.c:223:6:CURREN_3	8	static
../Core/Src/main.c:232:6:TEMP_MOTOR	8	static
../Core/Src/main.c:241:6:CAAF	8	static
../Core/Src/main.c:310:5:main	8	static
../Core/Src/main.c:357:6:SystemClock_Config	88	static
../Core/Src/main.c:404:13:MX_ADC1_Init	24	static
../Core/Src/main.c:537:13:MX_TIM1_Init	96	static
../Core/Src/main.c:620:13:MX_TIM2_Init	32	static
../Core/Src/main.c:665:13:MX_GPIO_Init	48	static
../Core/Src/main.c:701:6:Error_Handler	4	static,ignoring_inline_asm
