../Core/Src/main.c:87:6:ledBlink	16	static
../Core/Src/main.c:97:6:USBTest	16	static
../Core/Src/main.c:103:6:DRV8301_Enable	8	static
../Core/Src/main.c:107:6:DRV8301_Disable	8	static
../Core/Src/main.c:111:6:DRV8301_NormalPWM	8	static
../Core/Src/main.c:126:6:delay_us	16	static
../Core/Src/main.c:131:6:DRV8301_CommutationPWM	8	static
../Core/Src/main.c:153:6:VSENS_1	8	static
../Core/Src/main.c:164:6:VSENS_2	8	static
../Core/Src/main.c:173:6:VSENS_3	8	static
../Core/Src/main.c:182:6:TEMP_NTC	8	static
../Core/Src/main.c:191:6:ADC_EXT1	8	static
../Core/Src/main.c:200:6:ADC_EXT2	8	static
../Core/Src/main.c:209:6:CURREN_1	8	static
../Core/Src/main.c:218:6:CURREN_2	8	static
../Core/Src/main.c:227:6:CURREN_3	8	static
../Core/Src/main.c:236:6:TEMP_MOTOR	8	static
../Core/Src/main.c:245:6:CAAF	8	static
../Core/Src/main.c:307:6:IFunction	8	static
../Core/Src/main.c:344:5:main	8	static
../Core/Src/main.c:391:6:SystemClock_Config	88	static
../Core/Src/main.c:438:13:MX_ADC1_Init	24	static
../Core/Src/main.c:571:13:MX_TIM1_Init	96	static
../Core/Src/main.c:654:13:MX_TIM2_Init	32	static
../Core/Src/main.c:699:13:MX_GPIO_Init	48	static
../Core/Src/main.c:735:6:Error_Handler	4	static,ignoring_inline_asm
