../Core/Src/main.c:84:6:ledBlink	8	static
../Core/Src/main.c:90:6:USBTest	16	static
../Core/Src/main.c:96:6:DRV8301_Enable	8	static
../Core/Src/main.c:100:6:DRV8301_Disable	8	static
../Core/Src/main.c:104:6:DRV8301_NormalPWM	8	static
../Core/Src/main.c:119:6:delay_us	16	static
../Core/Src/main.c:124:6:DRV8301_CommutationPWM	8	static
../Core/Src/main.c:153:5:main	8	static
../Core/Src/main.c:207:6:SystemClock_Config	88	static
../Core/Src/main.c:254:13:MX_ADC1_Init	24	static
../Core/Src/main.c:306:13:MX_TIM1_Init	96	static
../Core/Src/main.c:389:13:MX_TIM2_Init	32	static
../Core/Src/main.c:434:13:MX_GPIO_Init	48	static
../Core/Src/main.c:470:6:Error_Handler	4	static,ignoring_inline_asm
