../Core/Src/main.c:88:6:ledBlink	16	static
../Core/Src/main.c:98:6:USBTest	16	static
../Core/Src/main.c:104:6:DRV8301_Enable	8	static
../Core/Src/main.c:108:6:DRV8301_Disable	8	static
../Core/Src/main.c:112:6:DRV8301_NormalPWM	8	static
../Core/Src/main.c:127:6:DRV8301_PWM_Stop	8	static
../Core/Src/main.c:137:6:delay_us	16	static
../Core/Src/main.c:142:6:DRV8301_CommutationPWM	8	static
../Core/Src/main.c:164:6:VSENS_1	8	static
../Core/Src/main.c:175:6:VSENS_2	8	static
../Core/Src/main.c:185:6:VSENS_3	8	static
../Core/Src/main.c:195:6:TEMP_NTC	8	static
../Core/Src/main.c:205:6:ADC_EXT1	8	static
../Core/Src/main.c:215:6:ADC_EXT2	8	static
../Core/Src/main.c:225:6:CURREN_1	8	static
../Core/Src/main.c:235:6:CURREN_2	8	static
../Core/Src/main.c:245:6:CURREN_3	8	static
../Core/Src/main.c:255:6:TEMP_MOTOR	8	static
../Core/Src/main.c:265:6:CAAF	8	static
../Core/Src/main.c:380:6:IFunction	8	static
../Core/Src/main.c:421:5:main	8	static
../Core/Src/main.c:468:6:SystemClock_Config	88	static
../Core/Src/main.c:515:13:MX_ADC1_Init	24	static
../Core/Src/main.c:648:13:MX_TIM1_Init	96	static
../Core/Src/main.c:731:13:MX_TIM2_Init	32	static
../Core/Src/main.c:776:13:MX_GPIO_Init	48	static
../Core/Src/main.c:812:6:Error_Handler	4	static,ignoring_inline_asm
