../Core/Src/main.c:65:6:ledBlink	8	static
../Core/Src/main.c:71:6:USBTest	16	static
../Core/Src/main.c:77:6:DRV8301_Enable	8	static
../Core/Src/main.c:81:6:DRV8301_Disable	8	static
../Core/Src/main.c:85:6:DRV8301_NormalPWM	8	static
../Core/Src/main.c:107:5:main	8	static
../Core/Src/main.c:161:6:SystemClock_Config	88	static
../Core/Src/main.c:208:13:MX_ADC1_Init	24	static
../Core/Src/main.c:260:13:MX_TIM1_Init	96	static
../Core/Src/main.c:343:13:MX_TIM2_Init	32	static
../Core/Src/main.c:388:13:MX_GPIO_Init	48	static
../Core/Src/main.c:424:6:Error_Handler	4	static,ignoring_inline_asm
